################################################################################
#                                                                              #
#      IAR Universal Linker V6.3.4.78                                          #
#                                                                              #
#           Link time     =  12/May/2017  11:22:46                             #
#           Target CPU    =  MSP430                                            #
#           List file     =  E:\_ARTON_PROJ\ARTON-DL3\soft\current\IAR\Debug\L #
#                            ist\Arton_DL3.map                                 #
#           Output file 1 =  E:\_ARTON_PROJ\ARTON-DL3\soft\current\IAR\Debug\E #
#                            xe\Arton_DL3.d43                                  #
#                            Format: ubrof10                                   #
#                            UBROF version 10.0.6                              #
#                            Using library modules for C-SPY (-rt)             #
#           Command line  =  E:\_ARTON_PROJ\ARTON-DL3\soft\current\IAR\Debug\O #
#                            bj\delay.r43                                      #
#                            E:\_ARTON_PROJ\ARTON-DL3\soft\current\IAR\Debug\O #
#                            bj\flash.r43                                      #
#                            E:\_ARTON_PROJ\ARTON-DL3\soft\current\IAR\Debug\O #
#                            bj\hardware.r43                                   #
#                            E:\_ARTON_PROJ\ARTON-DL3\soft\current\IAR\Debug\O #
#                            bj\main.r43                                       #
#                            E:\_ARTON_PROJ\ARTON-DL3\soft\current\IAR\Debug\O #
#                            bj\soft_uart.r43                                  #
#                            -o                                                #
#                            E:\_ARTON_PROJ\ARTON-DL3\soft\current\IAR\Debug\E #
#                            xe\Arton_DL3.d43                                  #
#                            -l                                                #
#                            E:\_ARTON_PROJ\ARTON-DL3\soft\current\IAR\Debug\L #
#                            ist\Arton_DL3.map                                 #
#                            -xms                                              #
#                            "-IC:\Program Files (x86)\IAR Systems\Embedded Wo #
#                            rkbench 7.3\430\LIB\"                             #
#                            -f                                                #
#                            "C:\Program Files (x86)\IAR Systems\Embedded Work #
#                            bench 7.3\430\config\linker\lnk430g2553.xcl"      #
#                            (-cmsp430 -QCODE_I=CODE_ID -QTLS16_I=TLS16_ID     #
#                            -Z(CONST)INFO=1000-10FF                           #
#                            -Z(CONST)INFOA=10C0-10FF                          #
#                            -Z(CONST)INFOB=1080-10BF                          #
#                            -Z(CONST)INFOC=1040-107F                          #
#                            -Z(CONST)INFOD=1000-103F                          #
#                            -Z(DATA)DATA16_I,DATA16_Z,DATA16_N,TLS16_I=0200-0 #
#                            3FF                                               #
#                            -Z(DATA)DATA16_HEAP+_DATA16_HEAP_SIZE             #
#                            -Z(DATA)CODE_I -Z(DATA)CSTACK+_STACK_SIZE#        #
#                            -Z(CONST)DATA16_C,DATA16_ID,TLS16_ID,DIFUNCT,CHEC #
#                            KSUM=C000-FFDD                                    #
#                            -Z(CODE)CSTART,ISR_CODE,CODE_ID=C000-FFDD         #
#                            -P(CODE)CODE=C000-FFDD                            #
#                            -Z(CONST)SIGNATURE=FFDE-FFDF                      #
#                            -Z(CODE)INTVEC=FFE0-FFFF                          #
#                            -Z(CODE)RESET=FFFE-FFFF) -D_STACK_SIZE=64 -rt     #
#                            "C:\Program Files (x86)\IAR Systems\Embedded Work #
#                            bench 7.3\430\lib\dlib\dl430fn.r43"               #
#                            -D_DATA16_HEAP_SIZE=0 -s __program_start          #
#                            -D_DATA20_HEAP_SIZE=50                            #
#                                                                              #
#                           Copyright (C) 1987-2015 IAR Systems AB.            #
################################################################################





                ****************************************
                *                                      *
                *           CROSS REFERENCE            *
                *                                      *
                ****************************************

       Program entry at :           C038  Relocatable, from module : ?cstart




                ****************************************
                *                                      *
                *            RUNTIME MODEL             *
                *                                      *
                ****************************************

  __Heap_Handler             = Basic
  __SystemLibrary            = DLib
  __core                     = 430
  __dlib_file_descriptor     = 0
  __dlib_full_locale_support = 0
  __double_size              = 32
  __pic                      = no
  __reg_r4                   = regvar
  __reg_r5                   = free
  __rt_version               = 3

                ****************************************
                *                                      *
                *    AUTOMATIC SYMBOL REDIRECTIONS     *
                *                                      *
                ****************************************

                  There are no automatic symbol redirections.



                ****************************************
                *                                      *
                *              MODULE MAP              *
                *                                      *
                ****************************************


  DEFINED ABSOLUTE ENTRIES
    *************************************************************************

  DEFINED ABSOLUTE ENTRIES
  PROGRAM MODULE, NAME : ?ABS_ENTRY_MOD

Absolute parts
           ENTRY                   ADDRESS         REF BY
           =====                   =======         ======
           _DATA20_HEAP_SIZE       0050 
           _DATA16_HEAP_SIZE       0000 
           _STACK_SIZE             0064 
    *************************************************************************

  FILE NAME : E:\_ARTON_PROJ\ARTON-DL3\soft\current\IAR\Debug\Obj\delay.r43
  PROGRAM MODULE, NAME : delay

  SEGMENTS IN THE MODULE
  ======================
<CODE> 1 (was CODE)
  Relative segment, address: D900 - D913 (0x14 bytes), align: 1
  Segment part 2.
           ENTRY                   ADDRESS         REF BY
           =====                   =======         ======
           DelayUs_8MHz            D900            SoftUART_SendByte (soft_uart)
                                                   SoftUART_TxMode_ON (soft_uart)
                                                   main (main)
    -------------------------------------------------------------------------
<CODE> 1 (was CODE)
  Relative segment, address: D72C - D74B (0x20 bytes), align: 1
  Segment part 3.             Intra module refs:   DelayMs
           ENTRY                   ADDRESS         REF BY
           =====                   =======         ======
           DelayUs                 D72C            ADC_MeasureInit (main)
                                                   ADC_Measure_Simple (main)
                                                   Led_Flash (main)
                                                   PORT1_ISR (hardware)
                                                   main (main)
    -------------------------------------------------------------------------
<CODE> 1 (was CODE)
  Relative segment, address: D914 - D927 (0x14 bytes), align: 1
  Segment part 5.
           ENTRY                   ADDRESS         REF BY
           =====                   =======         ======
           DelayMs                 D914            DeviceDiagnostics (main)
                                                   Led_Flash (main)
                                                   main (main)
               calls direct

    *************************************************************************

  FILE NAME : E:\_ARTON_PROJ\ARTON-DL3\soft\current\IAR\Debug\Obj\flash.r43
  PROGRAM MODULE, NAME : flash

  SEGMENTS IN THE MODULE
  ======================
DATA16_AN
  Relative segment, address: 0128 - 0129 (0x2 bytes), align: 0
  Segment part 1. ROOT        Intra module refs:   FlashEraseSegment
                                                   FlashWriteArray
           ENTRY                   ADDRESS         REF BY
           =====                   =======         ======
           FCTL1                   0128 
    -------------------------------------------------------------------------
DATA16_AN
  Relative segment, address: 012A - 012B (0x2 bytes), align: 0
  Segment part 2. ROOT        Intra module refs:   FlashInit
           ENTRY                   ADDRESS         REF BY
           =====                   =======         ======
           FCTL2                   012A 
    -------------------------------------------------------------------------
DATA16_AN
  Relative segment, address: 012C - 012D (0x2 bytes), align: 0
  Segment part 3. ROOT        Intra module refs:   FlashEraseSegment
                                                   FlashInit
                                                   FlashWriteArray
           ENTRY                   ADDRESS         REF BY
           =====                   =======         ======
           FCTL3                   012C 
    -------------------------------------------------------------------------
DATA16_AC
  Relative segment, address: 1040 - 1067 (0x28 bytes), align: 0
  Segment part 4. ROOT        Intra module refs:   GetPropertiesCS
           ENTRY                   ADDRESS         REF BY
           =====                   =======         ======
           ee_config               1040 
    -------------------------------------------------------------------------
DATA16_I
  Relative segment, address: 0200 - 0201 (0x2 bytes), align: 1
  Segment part 6.             Intra module refs:   FlashEraseSegmentSafe
                                                   FlashWriteSegmentSafe
                                                   StorageProperty
           ENTRY                   ADDRESS         REF BY
           =====                   =======         ======
           SegCBackup              0200 
    -------------------------------------------------------------------------
<CODE> 1 (was CODE)
  Relative segment, address: D95E - D96F (0x12 bytes), align: 1
  Segment part 8.             Intra module refs:   StorageProperty
           ENTRY                   ADDRESS         REF BY
           =====                   =======         ======
           FlashInit               D95E 
    -------------------------------------------------------------------------
<CODE> 1 (was CODE)
  Relative segment, address: DA14 - DA17 (0x4 bytes), align: 1
  Segment part 9.             Intra module refs:   StorageProperty
           ENTRY                   ADDRESS         REF BY
           =====                   =======         ======
           FlashDeInit             DA14 
    -------------------------------------------------------------------------
<CODE> 1 (was CODE)
  Relative segment, address: D580 - D5AF (0x30 bytes), align: 1
  Segment part 10.            Intra module refs:   FlashEraseSegmentSafe
           ENTRY                   ADDRESS         REF BY
           =====                   =======         ======
           FlashEraseSegment       D580 
    -------------------------------------------------------------------------
<CODE> 1 (was CODE)
  Relative segment, address: D386 - D3D9 (0x54 bytes), align: 1
  Segment part 13.            Intra module refs:   FlashWriteSegmentSafe
           ENTRY                   ADDRESS         REF BY
           =====                   =======         ======
           FlashWriteArray         D386 
               calls direct
    -------------------------------------------------------------------------
<CODE> 1 (was CODE)
  Relative segment, address: D8EA - D8FF (0x16 bytes), align: 1
  Segment part 14.            Intra module refs:   StorageProperty
           ENTRY                   ADDRESS         REF BY
           =====                   =======         ======
           FlashEraseSegmentSafe   D8EA 
               calls direct
    -------------------------------------------------------------------------
<CODE> 1 (was CODE)
  Relative segment, address: D9E2 - D9EF (0xe bytes), align: 1
  Segment part 15.            Intra module refs:   StorageProperty
           ENTRY                   ADDRESS         REF BY
           =====                   =======         ======
           FlashWriteSegmentSafe   D9E2 
               calls direct
    -------------------------------------------------------------------------
<CODE> 1 (was CODE)
  Relative segment, address: D51A - D54F (0x36 bytes), align: 1
  Segment part 16.            Intra module refs:   SavePropertyCS
                                                   StoragePropertyByte
                                                   StoragePropertyWord
           ENTRY                   ADDRESS         REF BY
           =====                   =======         ======
           StorageProperty         D51A            SoftUART_RxParse (soft_uart)
               calls direct
    -------------------------------------------------------------------------
<CODE> 1 (was CODE)
  Relative segment, address: D970 - D981 (0x12 bytes), align: 1
  Segment part 17.
           ENTRY                   ADDRESS         REF BY
           =====                   =======         ======
           StoragePropertyByte     D970            CalibrationResultAnalise (main)
               calls direct
    -------------------------------------------------------------------------
<CODE> 1 (was CODE)
  Relative segment, address: D93A - D94B (0x12 bytes), align: 1
  Segment part 18.
           ENTRY                   ADDRESS         REF BY
           =====                   =======         ======
           StoragePropertyWord     D93A            CalibrationResultAnalise (main)
                                                   SetLevels (main)
                                                   SetLevelsFromCalibr (main)
                                                   SetLimitCompens (main)
                                                   VLO_TimerCalibr (main)
               calls direct
    -------------------------------------------------------------------------
<CODE> 1 (was CODE)
  Relative segment, address: D88C - D8A3 (0x18 bytes), align: 1
  Segment part 19.            Intra module refs:   SavePropertyCS
           ENTRY                   ADDRESS         REF BY
           =====                   =======         ======
           GetPropertiesCS         D88C            DeviceDiagnostics (main)
    -------------------------------------------------------------------------
<CODE> 1 (was CODE)
  Relative segment, address: D82A - D843 (0x1a bytes), align: 1
  Segment part 20.
           ENTRY                   ADDRESS         REF BY
           =====                   =======         ======
           SavePropertyCS          D82A            SetLevels (main)
                                                   SetLevelsFromCalibr (main)
                                                   SetLimitCompens (main)
                                                   SoftUART_RxParse (soft_uart)
                                                   VLO_TimerCalibr (main)
               calls direct
    -------------------------------------------------------------------------
DATA16_ID
  Relative segment, address: C034 - C035 (0x2 bytes), align: 1
  Segment part 7.             Intra module refs:   SegCBackup

    *************************************************************************

  FILE NAME : E:\_ARTON_PROJ\ARTON-DL3\soft\current\IAR\Debug\Obj\hardware.r43
  PROGRAM MODULE, NAME : hardware

  SEGMENTS IN THE MODULE
  ======================
DATA16_AN
  Relative segment, address: 0056 - 0056 (0x1 bytes), align: 0
  Segment part 1. ROOT        Intra module refs:   PORT2_ISR
                                                   main (main)
           ENTRY                   ADDRESS         REF BY
           =====                   =======         ======
           DCOCTL                  0056 
    -------------------------------------------------------------------------
DATA16_AN
  Relative segment, address: 0057 - 0057 (0x1 bytes), align: 0
  Segment part 2. ROOT        Intra module refs:   PORT2_ISR
                                                   Timer_A0_StartPWM (main)
                                                   main (main)
           ENTRY                   ADDRESS         REF BY
           =====                   =======         ======
           BCSCTL1                 0057 
    -------------------------------------------------------------------------
DATA16_AN
  Relative segment, address: 0020 - 0020 (0x1 bytes), align: 0
  Segment part 3. ROOT        Intra module refs:   PORT1_ISR
           ENTRY                   ADDRESS         REF BY
           =====                   =======         ======
           P1IN                    0020 
    -------------------------------------------------------------------------
DATA16_AN
  Relative segment, address: 0021 - 0021 (0x1 bytes), align: 0
  Segment part 4. ROOT        Intra module refs:   AMP_SetGain
                                                   BUT_INT_Init
                                                   CCR_ISR (main)
                                                   GPIO_Init
                                                   Timer_A0_Off (main)
                                                   Timer_A0_StopPWM (main)
                                                   main (main)
           ENTRY                   ADDRESS         REF BY
           =====                   =======         ======
           P1OUT                   0021 
    -------------------------------------------------------------------------
DATA16_AN
  Relative segment, address: 0022 - 0022 (0x1 bytes), align: 0
  Segment part 5. ROOT        Intra module refs:   BUT_INT_Init
                                                   GPIO_Init
           ENTRY                   ADDRESS         REF BY
           =====                   =======         ======
           P1DIR                   0022 
    -------------------------------------------------------------------------
DATA16_AN
  Relative segment, address: 0023 - 0023 (0x1 bytes), align: 0
  Segment part 6. ROOT        Intra module refs:   ADC_Measure_Simple (main)
                                                   BUT_INT_Init
                                                   PORT1_ISR
           ENTRY                   ADDRESS         REF BY
           =====                   =======         ======
           P1IFG                   0023 
    -------------------------------------------------------------------------
DATA16_AN
  Relative segment, address: 0024 - 0024 (0x1 bytes), align: 0
  Segment part 7. ROOT        Intra module refs:   BUT_INT_Init
                                                   PORT1_ISR
           ENTRY                   ADDRESS         REF BY
           =====                   =======         ======
           P1IES                   0024 
    -------------------------------------------------------------------------
DATA16_AN
  Relative segment, address: 0025 - 0025 (0x1 bytes), align: 0
  Segment part 8. ROOT        Intra module refs:   ADC_Measure_Simple (main)
                                                   BUT_INT_Init
           ENTRY                   ADDRESS         REF BY
           =====                   =======         ======
           P1IE                    0025 
    -------------------------------------------------------------------------
DATA16_AN
  Relative segment, address: 0026 - 0026 (0x1 bytes), align: 0
  Segment part 9. ROOT        Intra module refs:   GPIO_Init
                                                   Timer_A0_Off (main)
                                                   Timer_A0_StartPWM (main)
                                                   Timer_A0_StopPWM (main)
           ENTRY                   ADDRESS         REF BY
           =====                   =======         ======
           P1SEL                   0026 
    -------------------------------------------------------------------------
DATA16_AN
  Relative segment, address: 0027 - 0027 (0x1 bytes), align: 0
  Segment part 10. ROOT       Intra module refs:   ADC_Measure_Simple (main)
                                                   BUT_INT_Init
           ENTRY                   ADDRESS         REF BY
           =====                   =======         ======
           P1REN                   0027 
    -------------------------------------------------------------------------
DATA16_AN
  Relative segment, address: 0029 - 0029 (0x1 bytes), align: 0
  Segment part 11. ROOT       Intra module refs:   AMP_SetGain
                                                   CalibrationResultAnalise (main)
                                                   FaultSignalManager (main)
                                                   GPIO_Init
                                                   INTER_INT_Init
                                                   Led_Flash (main)
                                                   SoftUART_SendByte (soft_uart)
                                                   SoftUART_TxMode_ON (soft_uart)
                                                   main (main)
           ENTRY                   ADDRESS         REF BY
           =====                   =======         ======
           P2OUT                   0029 
    -------------------------------------------------------------------------
DATA16_AN
  Relative segment, address: 002A - 002A (0x1 bytes), align: 0
  Segment part 12. ROOT       Intra module refs:   GPIO_Init
                                                   INTER_INT_Init
                                                   SoftUART_TxMode_OFF (soft_uart)
                                                   SoftUART_TxMode_ON (soft_uart)
                                                   main (main)
           ENTRY                   ADDRESS         REF BY
           =====                   =======         ======
           P2DIR                   002A 
    -------------------------------------------------------------------------
DATA16_AN
  Relative segment, address: 002B - 002B (0x1 bytes), align: 0
  Segment part 13. ROOT       Intra module refs:   INTER_INT_Init
                                                   PORT2_ISR
                                                   SoftUART_ResetReceiveByte (soft_uart)
                                                   main (main)
           ENTRY                   ADDRESS         REF BY
           =====                   =======         ======
           P2IFG                   002B 
    -------------------------------------------------------------------------
DATA16_AN
  Relative segment, address: 002C - 002C (0x1 bytes), align: 0
  Segment part 14. ROOT       Intra module refs:   INTER_INT_Init
           ENTRY                   ADDRESS         REF BY
           =====                   =======         ======
           P2IES                   002C 
    -------------------------------------------------------------------------
DATA16_AN
  Relative segment, address: 002D - 002D (0x1 bytes), align: 0
  Segment part 15. ROOT       Intra module refs:   INTER_INT_Init
                                                   PORT2_ISR
                                                   SoftUART_ResetReceiveByte (soft_uart)
                                                   SoftUART_SetReceiveByte (soft_uart)
           ENTRY                   ADDRESS         REF BY
           =====                   =======         ======
           P2IE                    002D 
    -------------------------------------------------------------------------
DATA16_AN
  Relative segment, address: 002E - 002E (0x1 bytes), align: 0
  Segment part 16. ROOT       Intra module refs:   GPIO_Init
           ENTRY                   ADDRESS         REF BY
           =====                   =======         ======
           P2SEL                   002E 
    -------------------------------------------------------------------------
DATA16_AN
  Relative segment, address: 002F - 002F (0x1 bytes), align: 0
  Segment part 17. ROOT       Intra module refs:   INTER_INT_Init
                                                   SoftUART_TxMode_OFF (soft_uart)
                                                   SoftUART_TxMode_ON (soft_uart)
           ENTRY                   ADDRESS         REF BY
           =====                   =======         ======
           P2REN                   002F 
    -------------------------------------------------------------------------
DATA16_AN
  Relative segment, address: 10FC - 10FC (0x1 bytes), align: 0
  Segment part 18. ROOT       Intra module refs:   PORT2_ISR
                                                   main (main)
           ENTRY                   ADDRESS         REF BY
           =====                   =======         ======
           CALDCO_8MHZ             10FC 
    -------------------------------------------------------------------------
DATA16_AN
  Relative segment, address: 10FD - 10FD (0x1 bytes), align: 0
  Segment part 19. ROOT       Intra module refs:   PORT2_ISR
                                                   Timer_A0_StartPWM (main)
                                                   main (main)
           ENTRY                   ADDRESS         REF BY
           =====                   =======         ======
           CALBC1_8MHZ             10FD 
    -------------------------------------------------------------------------
DATA16_Z
  Relative segment, address: 0338 - 0338 (0x1 bytes), align: 0
  Segment part 23.            Intra module refs:   PORT1_ISR
           LOCAL                   ADDRESS         
           =====                   =======         
           i                       0338 
    -------------------------------------------------------------------------
DATA16_Z
  Relative segment, address: 0339 - 0339 (0x1 bytes), align: 0
  Segment part 24.            Intra module refs:   PORT1_ISR
           LOCAL                   ADDRESS         
           =====                   =======         
           but                     0339 
    -------------------------------------------------------------------------
<CODE> 1 (was CODE)
  Relative segment, address: D090 - D115 (0x86 bytes), align: 1
  Segment part 25.            Intra module refs:   PORT1_ISR::??INTVEC 4
           ENTRY                   ADDRESS         REF BY
           =====                   =======         ======
           PORT1_ISR               D090 
               interrupt function
               calls direct
    -------------------------------------------------------------------------
<CODE> 1 (was CODE)
  Relative segment, address: D608 - D62F (0x28 bytes), align: 1
  Segment part 26.            Intra module refs:   PORT2_ISR::??INTVEC 6
           ENTRY                   ADDRESS         REF BY
           =====                   =======         ======
           PORT2_ISR               D608 
               interrupt function
    -------------------------------------------------------------------------
<CODE> 1 (was CODE)
  Relative segment, address: D810 - D829 (0x1a bytes), align: 1
  Segment part 29.            Intra module refs:   GPIO_Init
           ENTRY                   ADDRESS         REF BY
           =====                   =======         ======
           BUT_INT_Init            D810 
    -------------------------------------------------------------------------
<CODE> 1 (was CODE)
  Relative segment, address: D630 - D655 (0x26 bytes), align: 1
  Segment part 30.            Intra module refs:   GPIO_Init
           ENTRY                   ADDRESS         REF BY
           =====                   =======         ======
           INTER_INT_Init          D630 
    -------------------------------------------------------------------------
<CODE> 1 (was CODE)
  Relative segment, address: D7F6 - D80F (0x1a bytes), align: 1
  Segment part 31.
           ENTRY                   ADDRESS         REF BY
           =====                   =======         ======
           AMP_SetGain             D7F6            CalibrationResultAnalise (main)
                                                   main (main)
    -------------------------------------------------------------------------
<CODE> 1 (was CODE)
  Relative segment, address: D20C - D26D (0x62 bytes), align: 1
  Segment part 32.
           ENTRY                   ADDRESS         REF BY
           =====                   =======         ======
           GPIO_Init               D20C            main (main)
               calls direct
    -------------------------------------------------------------------------
INTVEC
  Common segment, address: FFE0 - FFE5 (0x6 bytes), align: 1
  Segment part 20. ROOT 
           ENTRY                   ADDRESS         REF BY
           =====                   =======         ======
           PORT1_ISR::??INTVEC 4   FFE4 
    -------------------------------------------------------------------------
INTVEC
  Common segment, address: FFE0 - FFE7 (0x8 bytes), align: 1
  Segment part 21. ROOT 
           ENTRY                   ADDRESS         REF BY
           =====                   =======         ======
           PORT2_ISR::??INTVEC 6   FFE6 

    *************************************************************************

  FILE NAME : E:\_ARTON_PROJ\ARTON-DL3\soft\current\IAR\Debug\Obj\main.r43
  PROGRAM MODULE, NAME : main

  SEGMENTS IN THE MODULE
  ======================
DATA16_AN
  Relative segment, address: 0000 - 0000 (0x1 bytes), align: 0
  Segment part 1. ROOT        Intra module refs:   main
           ENTRY                   ADDRESS         REF BY
           =====                   =======         ======
           IE1                     0000 
    -------------------------------------------------------------------------
DATA16_AN
  Relative segment, address: 0002 - 0002 (0x1 bytes), align: 0
  Segment part 2. ROOT        Intra module refs:   main
           ENTRY                   ADDRESS         REF BY
           =====                   =======         ======
           IFG1                    0002 
    -------------------------------------------------------------------------
DATA16_AN
  Relative segment, address: 0049 - 0049 (0x1 bytes), align: 0
  Segment part 3. ROOT        Intra module refs:   ADC_MeasureInit
                                                   ADC_Measure_Simple
           ENTRY                   ADDRESS         REF BY
           =====                   =======         ======
           ADC10DTC1               0049 
    -------------------------------------------------------------------------
DATA16_AN
  Relative segment, address: 004A - 004A (0x1 bytes), align: 0
  Segment part 4. ROOT        Intra module refs:   ADC_MeasureInit
                                                   ADC_Measure_Simple
           ENTRY                   ADDRESS         REF BY
           =====                   =======         ======
           ADC10AE0                004A 
    -------------------------------------------------------------------------
DATA16_AN
  Relative segment, address: 01B0 - 01B1 (0x2 bytes), align: 0
  Segment part 5. ROOT        Intra module refs:   ADC_MeasureInit
                                                   ADC_MeasureStart
                                                   ADC_Measure_Simple
                                                   main
           ENTRY                   ADDRESS         REF BY
           =====                   =======         ======
           ADC10CTL0               01B0 
    -------------------------------------------------------------------------
DATA16_AN
  Relative segment, address: 01B2 - 01B3 (0x2 bytes), align: 0
  Segment part 6. ROOT        Intra module refs:   ADC_MeasureInit
                                                   ADC_Measure_Simple
                                                   main
           ENTRY                   ADDRESS         REF BY
           =====                   =======         ======
           ADC10CTL1               01B2 
    -------------------------------------------------------------------------
DATA16_AN
  Relative segment, address: 01BC - 01BD (0x2 bytes), align: 0
  Segment part 7. ROOT        Intra module refs:   ADC_MeasureStart
                                                   ADC_Measure_Simple
           ENTRY                   ADDRESS         REF BY
           =====                   =======         ======
           ADC10SA                 01BC 
    -------------------------------------------------------------------------
DATA16_AN
  Relative segment, address: 0053 - 0053 (0x1 bytes), align: 0
  Segment part 10. ROOT       Intra module refs:   main
           ENTRY                   ADDRESS         REF BY
           =====                   =======         ======
           BCSCTL3                 0053 
    -------------------------------------------------------------------------
DATA16_AN
  Relative segment, address: 0028 - 0028 (0x1 bytes), align: 0
  Segment part 16. ROOT       Intra module refs:   main
           ENTRY                   ADDRESS         REF BY
           =====                   =======         ======
           P2IN                    0028 
    -------------------------------------------------------------------------
DATA16_AN
  Relative segment, address: 0160 - 0161 (0x2 bytes), align: 0
  Segment part 20. ROOT       Intra module refs:   SoftUART_ResetReceiveByte (soft_uart)
                                                   SoftUART_SetReceiveByte (soft_uart)
                                                   Timer_A0_Off
                                                   Timer_A0_SetDelay
                                                   Timer_A0_StartPWM
                                                   VLO_TimerCalibr
           ENTRY                   ADDRESS         REF BY
           =====                   =======         ======
           TA0CTL                  0160 
    -------------------------------------------------------------------------
DATA16_AN
  Relative segment, address: 0162 - 0163 (0x2 bytes), align: 0
  Segment part 21. ROOT       Intra module refs:   SoftUART_ResetReceiveByte (soft_uart)
                                                   SoftUART_SetReceiveByte (soft_uart)
                                                   Timer_A0_Off
                                                   Timer_A0_SetDelay
                                                   VLO_TimerCalibr
           ENTRY                   ADDRESS         REF BY
           =====                   =======         ======
           TA0CCTL0                0162 
    -------------------------------------------------------------------------
DATA16_AN
  Relative segment, address: 0164 - 0165 (0x2 bytes), align: 0
  Segment part 22. ROOT       Intra module refs:   SoftUART_SetReceiveByte (soft_uart)
                                                   Timer_A0_StartPWM
                                                   VLO_TimerCalibr
           ENTRY                   ADDRESS         REF BY
           =====                   =======         ======
           TA0CCTL1                0164 
    -------------------------------------------------------------------------
DATA16_AN
  Relative segment, address: 0170 - 0171 (0x2 bytes), align: 0
  Segment part 23. ROOT       Intra module refs:   SoftUART_SetReceiveByte (soft_uart)
                                                   Timer_A0_SetDelay
           ENTRY                   ADDRESS         REF BY
           =====                   =======         ======
           TA0R                    0170 
    -------------------------------------------------------------------------
DATA16_AN
  Relative segment, address: 0172 - 0173 (0x2 bytes), align: 0
  Segment part 24. ROOT       Intra module refs:   SoftUART_SetReceiveByte (soft_uart)
                                                   Timer_A0_SetDelay
                                                   Timer_A0_StartPWM
                                                   Timer_A0_StopPWM
                                                   VLO_TimerCalibr
           ENTRY                   ADDRESS         REF BY
           =====                   =======         ======
           TA0CCR0                 0172 
    -------------------------------------------------------------------------
DATA16_AN
  Relative segment, address: 0174 - 0175 (0x2 bytes), align: 0
  Segment part 25. ROOT       Intra module refs:   Timer_A0_SetDelay
                                                   Timer_A0_StartPWM
           ENTRY                   ADDRESS         REF BY
           =====                   =======         ======
           TA0CCR1                 0174 
    -------------------------------------------------------------------------
DATA16_AN
  Relative segment, address: 0180 - 0181 (0x2 bytes), align: 0
  Segment part 26. ROOT       Intra module refs:   Timer_A1_Init
           ENTRY                   ADDRESS         REF BY
           =====                   =======         ======
           TA1CTL                  0180 
    -------------------------------------------------------------------------
DATA16_AN
  Relative segment, address: 0182 - 0183 (0x2 bytes), align: 0
  Segment part 27. ROOT       Intra module refs:   Timer_A1_Init
           ENTRY                   ADDRESS         REF BY
           =====                   =======         ======
           TA1CCTL0                0182 
    -------------------------------------------------------------------------
DATA16_AN
  Relative segment, address: 0190 - 0191 (0x2 bytes), align: 0
  Segment part 28. ROOT       Intra module refs:   Timer_A1_Init
           ENTRY                   ADDRESS         REF BY
           =====                   =======         ======
           TA1R                    0190 
    -------------------------------------------------------------------------
DATA16_AN
  Relative segment, address: 0192 - 0193 (0x2 bytes), align: 0
  Segment part 29. ROOT       Intra module refs:   Timer_A1_Init
                                                   main
           ENTRY                   ADDRESS         REF BY
           =====                   =======         ======
           TA1CCR0                 0192 
    -------------------------------------------------------------------------
DATA16_AN
  Relative segment, address: 0120 - 0121 (0x2 bytes), align: 0
  Segment part 30. ROOT       Intra module refs:   main
           ENTRY                   ADDRESS         REF BY
           =====                   =======         ======
           WDTCTL                  0120 
    -------------------------------------------------------------------------
DATA16_AN
  Relative segment, address: 10F8 - 10F8 (0x1 bytes), align: 0
  Segment part 31. ROOT       Intra module refs:   main
           ENTRY                   ADDRESS         REF BY
           =====                   =======         ======
           CALDCO_16MHZ            10F8 
    -------------------------------------------------------------------------
DATA16_AN
  Relative segment, address: 10F9 - 10F9 (0x1 bytes), align: 0
  Segment part 32. ROOT       Intra module refs:   main
           ENTRY                   ADDRESS         REF BY
           =====                   =======         ======
           CALBC1_16MHZ            10F9 
    -------------------------------------------------------------------------
DATA16_AN
  Relative segment, address: 10FE - 10FE (0x1 bytes), align: 0
  Segment part 35. ROOT       Intra module refs:   main
           ENTRY                   ADDRESS         REF BY
           =====                   =======         ======
           CALDCO_1MHZ             10FE 
    -------------------------------------------------------------------------
DATA16_AN
  Relative segment, address: 10FF - 10FF (0x1 bytes), align: 0
  Segment part 36. ROOT       Intra module refs:   Timer_A0_StartPWM
                                                   main
           ENTRY                   ADDRESS         REF BY
           =====                   =======         ======
           CALBC1_1MHZ             10FF 
    -------------------------------------------------------------------------
REGVAR_AN
  Relative segment, address: REGISTER 0008 - 0009 (0x2 bytes), align: 0
  Segment part 37. ROOT       Intra module refs:   ADC10_ISR
                                                   ADC_Measure_Simple
                                                   CCR0_ISR
                                                   Timer_A0_Off
                                                   Timer_A0_SetDelay
                                                   Timer_A0_StartPWM
                                                   Timer_A0_StopPWM
                                                   VLO_TimerCalibr
                                                   main
                                                   watchdog_timer
           ENTRY                   ADDRESS         REF BY
           =====                   =======         ======
           f                       0008            PORT1_ISR (hardware)
                                                   PORT2_ISR (hardware)
                                                   SoftUART_ResetReceiveByte (soft_uart)
                                                   SoftUART_RxParse (soft_uart)
                                                   SoftUART_SendByte (soft_uart)
                                                   SoftUART_SetReceiveByte (soft_uart)
    -------------------------------------------------------------------------
DATA16_Z
  Relative segment, address: 0204 - 0205 (0x2 bytes), align: 1
  Segment part 44.            Intra module refs:   main
           ENTRY                   ADDRESS         REF BY
           =====                   =======         ======
           timerMain               0204 
    -------------------------------------------------------------------------
DATA16_Z
  Relative segment, address: 0206 - 0207 (0x2 bytes), align: 1
  Segment part 47.            Intra module refs:   main
           ENTRY                   ADDRESS         REF BY
           =====                   =======         ======
           timerKeyDown            0206 
    -------------------------------------------------------------------------
DATA16_Z
  Relative segment, address: 033A - 033A (0x1 bytes), align: 0
  Segment part 49.            Intra module refs:   CalibrationResultAnalise
                                                   FaultSignalManager
                                                   SetFaultMode
                                                   SignalAnalysis
                                                   main
           ENTRY                   ADDRESS         REF BY
           =====                   =======         ======
           DeviceMode              033A 
    -------------------------------------------------------------------------
DATA16_Z
  Relative segment, address: 033B - 033B (0x1 bytes), align: 0
  Segment part 50.            Intra module refs:   DeviceDiagnostics
                                                   DeviceStart
                                                   FaultSignalManager
                                                   main
           ENTRY                   ADDRESS         REF BY
           =====                   =======         ======
           DeviceFault             033B            SoftUART_RxParse (soft_uart)
    -------------------------------------------------------------------------
DATA16_Z
  Relative segment, address: 033C - 033C (0x1 bytes), align: 0
  Segment part 51.            Intra module refs:   CalibrationResultAnalise
                                                   DeviceStart
                                                   FaultSignalManager
                                                   main
           ENTRY                   ADDRESS         REF BY
           =====                   =======         ======
           CalibrFault             033C 
    -------------------------------------------------------------------------
DATA16_Z
  Relative segment, address: 0208 - 0209 (0x2 bytes), align: 1
  Segment part 52.
           ENTRY                   ADDRESS         REF BY
           =====                   =======         ======
           dark                    0208            SoftUART_RxParse (soft_uart)
    -------------------------------------------------------------------------
DATA16_Z
  Relative segment, address: 020A - 020B (0x2 bytes), align: 1
  Segment part 53.            Intra module refs:   LedTestValueManager
                                                   SignalAnalysis
                                                   main
           ENTRY                   ADDRESS         REF BY
           =====                   =======         ======
           delta                   020A            SoftUART_RxParse (soft_uart)
    -------------------------------------------------------------------------
DATA16_Z
  Relative segment, address: 020C - 020D (0x2 bytes), align: 1
  Segment part 54.            Intra module refs:   main
           ENTRY                   ADDRESS         REF BY
           =====                   =======         ======
           delta_last              020C 
    -------------------------------------------------------------------------
DATA16_Z
  Relative segment, address: 020E - 020F (0x2 bytes), align: 1
  Segment part 55.            Intra module refs:   main
           ENTRY                   ADDRESS         REF BY
           =====                   =======         ======
           zero_timer              020E 
    -------------------------------------------------------------------------
DATA16_Z
  Relative segment, address: 0210 - 0211 (0x2 bytes), align: 1
  Segment part 58.            Intra module refs:   ClearDriftVar
                                                   main
           ENTRY                   ADDRESS         REF BY
           =====                   =======         ======
           DriftCounter            0210 
    -------------------------------------------------------------------------
DATA16_Z
  Relative segment, address: 0212 - 0215 (0x4 bytes), align: 1
  Segment part 59.            Intra module refs:   ClearDriftVar
                                                   main
           ENTRY                   ADDRESS         REF BY
           =====                   =======         ======
           DriftSumma              0212 
    -------------------------------------------------------------------------
DATA16_Z
  Relative segment, address: 0216 - 0219 (0x4 bytes), align: 1
  Segment part 60.            Intra module refs:   ClearDriftVar
                                                   main
           ENTRY                   ADDRESS         REF BY
           =====                   =======         ======
           DriftLevel              0216 
    -------------------------------------------------------------------------
DATA16_Z
  Relative segment, address: 033D - 033D (0x1 bytes), align: 0
  Segment part 62.            Intra module refs:   main
                                                   watchdog_timer
           ENTRY                   ADDRESS         REF BY
           =====                   =======         ======
           Timer50msCounter        033D 
    -------------------------------------------------------------------------
DATA16_Z
  Relative segment, address: 021A - 02E1 (0xc8 bytes), align: 1
  Segment part 63.            Intra module refs:   ADC_MeasureStart
                                                   SignalAnalysis
                                                   main
           ENTRY                   ADDRESS         REF BY
           =====                   =======         ======
           signal_array            021A            Segment part 7 (flash)
                                                   SoftUART_RxParse (soft_uart)
    -------------------------------------------------------------------------
DATA16_Z
  Relative segment, address: 02E2 - 02E5 (0x4 bytes), align: 1
  Segment part 64.            Intra module refs:   FaultSignalManager
                                                   LedTestValueManager
                                                   main
           ENTRY                   ADDRESS         REF BY
           =====                   =======         ======
           led_r                   02E2 
    -------------------------------------------------------------------------
DATA16_Z
  Relative segment, address: 02E6 - 02E9 (0x4 bytes), align: 1
  Segment part 65.            Intra module refs:   FaultSignalManager
                                                   LedTestValueManager
                                                   main
           ENTRY                   ADDRESS         REF BY
           =====                   =======         ======
           led_y                   02E6 
    -------------------------------------------------------------------------
DATA16_Z
  Relative segment, address: 02EA - 02ED (0x4 bytes), align: 1
  Segment part 66.            Intra module refs:   main
           ENTRY                   ADDRESS         REF BY
           =====                   =======         ======
           led_sh                  02EA 
    -------------------------------------------------------------------------
DATA16_Z
  Relative segment, address: 033E - 033E (0x1 bytes), align: 0
  Segment part 67.            Intra module refs:   Timer_A1_ISR
                                                   main
           ENTRY                   ADDRESS         REF BY
           =====                   =======         ======
           fTimerA1_On             033E 
    -------------------------------------------------------------------------
DATA16_Z
  Relative segment, address: 033F - 033F (0x1 bytes), align: 0
  Segment part 68.            Intra module refs:   main
           ENTRY                   ADDRESS         REF BY
           =====                   =======         ======
           calibr_stage            033F 
    -------------------------------------------------------------------------
DATA16_Z
  Relative segment, address: 02EE - 02F9 (0xc bytes), align: 1
  Segment part 69.            Intra module refs:   CalibrationResultAnalise
                                                   main
           ENTRY                   ADDRESS         REF BY
           =====                   =======         ======
           s_array                 02EE 
    -------------------------------------------------------------------------
DATA16_Z
  Relative segment, address: 0340 - 0345 (0x6 bytes), align: 0
  Segment part 70.            Intra module refs:   CalibrationResultAnalise
                                                   main
           ENTRY                   ADDRESS         REF BY
           =====                   =======         ======
           q_array                 0340 
    -------------------------------------------------------------------------
DATA16_C
  Relative segment, address: C000 - C011 (0x12 bytes), align: 0
  Segment part 71.            Intra module refs:   CalibrationResultAnalise
                                                   main
           ENTRY                   ADDRESS         REF BY
           =====                   =======         ======
           calibr_sequence         C000 
    -------------------------------------------------------------------------
DATA16_C
  Relative segment, address: C012 - C019 (0x8 bytes), align: 0
  Segment part 72.            Intra module refs:   main
           ENTRY                   ADDRESS         REF BY
           =====                   =======         ======
           fault_sequence          C012 
    -------------------------------------------------------------------------
DATA16_Z
  Relative segment, address: 0346 - 0346 (0x1 bytes), align: 0
  Segment part 73.            Intra module refs:   main
           ENTRY                   ADDRESS         REF BY
           =====                   =======         ======
           fault_chain_ind         0346 
    -------------------------------------------------------------------------
DATA16_Z
  Relative segment, address: 02FA - 02FB (0x2 bytes), align: 1
  Segment part 74.            Intra module refs:   main
           ENTRY                   ADDRESS         REF BY
           =====                   =======         ======
           fault_chain_timer       02FA 
    -------------------------------------------------------------------------
DATA16_Z
  Relative segment, address: 0347 - 0347 (0x1 bytes), align: 0
  Segment part 75.            Intra module refs:   ADC_SetParam
                                                   CalibrationResultAnalise
                                                   main
           ENTRY                   ADDRESS         REF BY
           =====                   =======         ======
           gain                    0347 
    -------------------------------------------------------------------------
DATA16_Z
  Relative segment, address: 0348 - 0348 (0x1 bytes), align: 0
  Segment part 76.            Intra module refs:   ADC_SetParam
                                                   CalibrationResultAnalise
                                                   SignalAnalysis
                                                   main
           ENTRY                   ADDRESS         REF BY
           =====                   =======         ======
           amp_no                  0348 
    -------------------------------------------------------------------------
DATA16_Z
  Relative segment, address: 0349 - 0349 (0x1 bytes), align: 0
  Segment part 77.            Intra module refs:   ADC_SetParam
                                                   CalibrationResultAnalise
                                                   main
           ENTRY                   ADDRESS         REF BY
           =====                   =======         ======
           reference               0349 
    -------------------------------------------------------------------------
DATA16_Z
  Relative segment, address: 02FC - 02FD (0x2 bytes), align: 1
  Segment part 78.            Intra module refs:   CalibrationResultAnalise
                                                   main
           ENTRY                   ADDRESS         REF BY
           =====                   =======         ======
           cfg_reg                 02FC 
    -------------------------------------------------------------------------
DATA16_I
  Relative segment, address: 0202 - 0202 (0x1 bytes), align: 0
  Segment part 79.            Intra module refs:   JP1_Define
                                                   main
           ENTRY                   ADDRESS         REF BY
           =====                   =======         ======
           jp1_state               0202 
    -------------------------------------------------------------------------
DATA16_Z
  Relative segment, address: 034A - 034A (0x1 bytes), align: 0
  Segment part 81.            Intra module refs:   ADC10_ISR
                                                   ADC_MeasureStart
                                                   ADC_Measure_Simple
           ENTRY                   ADDRESS         REF BY
           =====                   =======         ======
           adc_process             034A 
    -------------------------------------------------------------------------
DATA16_Z
  Relative segment, address: 02FE - 02FF (0x2 bytes), align: 1
  Segment part 82.            Intra module refs:   main
           ENTRY                   ADDRESS         REF BY
           =====                   =======         ======
           light_timer             02FE 
    -------------------------------------------------------------------------
DATA16_Z
  Relative segment, address: 034B - 034B (0x1 bytes), align: 0
  Segment part 83.            Intra module refs:   main
           ENTRY                   ADDRESS         REF BY
           =====                   =======         ======
           light_sync              034B 
    -------------------------------------------------------------------------
DATA16_Z
  Relative segment, address: 0300 - 0301 (0x2 bytes), align: 1
  Segment part 84.            Intra module refs:   main
           ENTRY                   ADDRESS         REF BY
           =====                   =======         ======
           strob_pulse_timer       0300 
    -------------------------------------------------------------------------
DATA16_Z
  Relative segment, address: 0302 - 0303 (0x2 bytes), align: 1
  Segment part 86.            Intra module refs:   main
           ENTRY                   ADDRESS         REF BY
           =====                   =======         ======
           hi_signal_counter       0302 
    -------------------------------------------------------------------------
DATA16_Z
  Relative segment, address: 0304 - 0305 (0x2 bytes), align: 1
  Segment part 87.            Intra module refs:   FaultSignalManager
                                                   SetFaultMode
                                                   main
           ENTRY                   ADDRESS         REF BY
           =====                   =======         ======
           fault_timer             0304 
    -------------------------------------------------------------------------
DATA16_Z
  Relative segment, address: 034C - 034C (0x1 bytes), align: 0
  Segment part 88.            Intra module refs:   FaultSignalManager
                                                   SetFaultMode
                                                   main
           ENTRY                   ADDRESS         REF BY
           =====                   =======         ======
           fault_phase             034C 
    -------------------------------------------------------------------------
DATA16_Z
  Relative segment, address: 0306 - 0307 (0x2 bytes), align: 1
  Segment part 89.            Intra module refs:   main
           ENTRY                   ADDRESS         REF BY
           =====                   =======         ======
           start_timer             0306 
    -------------------------------------------------------------------------
DATA16_Z
  Relative segment, address: 0308 - 0309 (0x2 bytes), align: 1
  Segment part 90.            Intra module refs:   main
           ENTRY                   ADDRESS         REF BY
           =====                   =======         ======
           flash_period_timer      0308 
    -------------------------------------------------------------------------
DATA16_Z
  Relative segment, address: 030A - 030B (0x2 bytes), align: 1
  Segment part 91.            Intra module refs:   SignalAnalysis
                                                   main
           ENTRY                   ADDRESS         REF BY
           =====                   =======         ======
           PWM_period              030A 
    -------------------------------------------------------------------------
<CODE> 1 (was CODE)
  Relative segment, address: D428 - D46B (0x44 bytes), align: 1
  Segment part 100.           Intra module refs:   DeviceStart
           ENTRY                   ADDRESS         REF BY
           =====                   =======         ======
           VLO_TimerCalibr         D428            SoftUART_RxParse (soft_uart)
               calls direct
    -------------------------------------------------------------------------
<CODE> 1 (was CODE)
  Relative segment, address: D8D4 - D8E9 (0x16 bytes), align: 1
  Segment part 101.           Intra module refs:   DeviceStart
                                                   SetLevels
                                                   SetLevelsFromCalibr
                                                   SetLimitCompens
                                                   main
           ENTRY                   ADDRESS         REF BY
           =====                   =======         ======
           ClearDriftVar           D8D4 
    -------------------------------------------------------------------------
<CODE> 1 (was CODE)
  Relative segment, address: D85C - D873 (0x18 bytes), align: 1
  Segment part 102.           Intra module refs:   CalibrationResultAnalise
           ENTRY                   ADDRESS         REF BY
           =====                   =======         ======
           SetLimitCompens         D85C            SoftUART_RxParse (soft_uart)
               calls direct
    -------------------------------------------------------------------------
<CODE> 1 (was CODE)
  Relative segment, address: D26E - D2CB (0x5e bytes), align: 1
  Segment part 103.           Intra module refs:   main
           ENTRY                   ADDRESS         REF BY
           =====                   =======         ======
           SetLevels               D26E            SoftUART_RxParse (soft_uart)
               calls direct
    -------------------------------------------------------------------------
<CODE> 1 (was CODE)
  Relative segment, address: CF62 - D003 (0xa2 bytes), align: 1
  Segment part 104.           Intra module refs:   CalibrationResultAnalise
           ENTRY                   ADDRESS         REF BY
           =====                   =======         ======
           SetLevelsFromCalibr     CF62 
               calls direct
    -------------------------------------------------------------------------
<CODE> 1 (was CODE)
  Relative segment, address: D9C4 - D9D3 (0x10 bytes), align: 1
  Segment part 105.           Intra module refs:   main
           ENTRY                   ADDRESS         REF BY
           =====                   =======         ======
           DeviceStart             D9C4 
               calls direct
    -------------------------------------------------------------------------
<CODE> 1 (was CODE)
  Relative segment, address: D9F0 - D9FB (0xc bytes), align: 1
  Segment part 106.           Intra module refs:   main
           ENTRY                   ADDRESS         REF BY
           =====                   =======         ======
           getZeroLevel            D9F0 
               calls direct
    -------------------------------------------------------------------------
<CODE> 1 (was CODE)
  Relative segment, address: D74C - D769 (0x1e bytes), align: 1
  Segment part 107.           Intra module refs:   main
           LOCAL                   ADDRESS         
           =====                   =======         
           getTimerValue           D74C 
    -------------------------------------------------------------------------
<CODE> 1 (was CODE)
  Relative segment, address: D32A - D385 (0x5c bytes), align: 1
  Segment part 110.           Intra module refs:   main
           ENTRY                   ADDRESS         REF BY
           =====                   =======         ======
           ADC_MeasureInit         D32A 
               calls direct
    -------------------------------------------------------------------------
<CODE> 1 (was CODE)
  Relative segment, address: D8A4 - D8BB (0x18 bytes), align: 1
  Segment part 111.           Intra module refs:   main
           ENTRY                   ADDRESS         REF BY
           =====                   =======         ======
           ADC_MeasureStart        D8A4 
    -------------------------------------------------------------------------
DATA16_C
  Relative segment, address: C01A - C02B (0x12 bytes), align: 0
  Segment part 94.            Intra module refs:   fir_filter
           ENTRY                   ADDRESS         REF BY
           =====                   =======         ======
           FIRCoef                 C01A 
    -------------------------------------------------------------------------
DATA16_Z
  Relative segment, address: 030C - 032F (0x24 bytes), align: 1
  Segment part 95.            Intra module refs:   SignalAnalysis
                                                   fir_filter
           LOCAL                   ADDRESS         
           =====                   =======         
           x                       030C 
    -------------------------------------------------------------------------
<CODE> 1 (was CODE)
  Relative segment, address: D19A - D20B (0x72 bytes), align: 1
  Segment part 113.           Intra module refs:   SignalAnalysis
           ENTRY                   ADDRESS         REF BY
           =====                   =======         ======
           fir_filter              D19A 
               calls direct
    -------------------------------------------------------------------------
DATA16_Z
  Relative segment, address: 0330 - 0331 (0x2 bytes), align: 1
  Segment part 96.            Intra module refs:   SignalAnalysis
           ENTRY                   ADDRESS         REF BY
           =====                   =======         ======
           d1                      0330 
    -------------------------------------------------------------------------
DATA16_Z
  Relative segment, address: 0332 - 0333 (0x2 bytes), align: 1
  Segment part 97.            Intra module refs:   SignalAnalysis
           ENTRY                   ADDRESS         REF BY
           =====                   =======         ======
           d2                      0332 
    -------------------------------------------------------------------------
DATA16_Z
  Relative segment, address: 0334 - 0335 (0x2 bytes), align: 1
  Segment part 98.            Intra module refs:   SignalAnalysis
           ENTRY                   ADDRESS         REF BY
           =====                   =======         ======
           d3                      0334 
    -------------------------------------------------------------------------
DATA16_Z
  Relative segment, address: 0336 - 0337 (0x2 bytes), align: 1
  Segment part 99.            Intra module refs:   SignalAnalysis
           ENTRY                   ADDRESS         REF BY
           =====                   =======         ======
           d4                      0336 
    -------------------------------------------------------------------------
<CODE> 1 (was CODE)
  Relative segment, address: C9C4 - CBF3 (0x230 bytes), align: 1
  Segment part 114.           Intra module refs:   main
           ENTRY                   ADDRESS         REF BY
           =====                   =======         ======
           SignalAnalysis          C9C4 
               calls direct
    -------------------------------------------------------------------------
<CODE> 1 (was CODE)
  Relative segment, address: D5DE - D607 (0x2a bytes), align: 1
  Segment part 115.           Intra module refs:   main
           ENTRY                   ADDRESS         REF BY
           =====                   =======         ======
           Timer_A0_SetDelay       D5DE 
    -------------------------------------------------------------------------
<CODE> 1 (was CODE)
  Relative segment, address: D2CC - D329 (0x5e bytes), align: 1
  Segment part 116.           Intra module refs:   main
           ENTRY                   ADDRESS         REF BY
           =====                   =======         ======
           Timer_A0_StartPWM       D2CC 
               calls direct
    -------------------------------------------------------------------------
<CODE> 1 (was CODE)
  Relative segment, address: D7DC - D7F5 (0x1a bytes), align: 1
  Segment part 117.           Intra module refs:   main
           ENTRY                   ADDRESS         REF BY
           =====                   =======         ======
           Timer_A0_StopPWM        D7DC 
    -------------------------------------------------------------------------
<CODE> 1 (was CODE)
  Relative segment, address: D7A6 - D7C1 (0x1c bytes), align: 1
  Segment part 120.           Intra module refs:   main
           ENTRY                   ADDRESS         REF BY
           =====                   =======         ======
           Timer_A1_Init           D7A6 
    -------------------------------------------------------------------------
<CODE> 1 (was CODE)
  Relative segment, address: D76A - D787 (0x1e bytes), align: 1
  Segment part 121.           Intra module refs:   main
           ENTRY                   ADDRESS         REF BY
           =====                   =======         ======
           Timer_A0_Off            D76A 
    -------------------------------------------------------------------------
<CODE> 1 (was CODE)
  Relative segment, address: D8BC - D8D3 (0x18 bytes), align: 1
  Segment part 122.           Intra module refs:   main
           ENTRY                   ADDRESS         REF BY
           =====                   =======         ======
           SetFaultMode            D8BC 
    -------------------------------------------------------------------------
<CODE> 1 (was CODE)
  Relative segment, address: CD98 - CEA9 (0x112 bytes), align: 1
  Segment part 123.           Intra module refs:   main
           ENTRY                   ADDRESS         REF BY
           =====                   =======         ======
           FaultSignalManager      CD98 
    -------------------------------------------------------------------------
<CODE> 1 (was CODE)
  Relative segment, address: D116 - D199 (0x84 bytes), align: 1
  Segment part 124.           Intra module refs:   main
           ENTRY                   ADDRESS         REF BY
           =====                   =======         ======
           LedTestValueManager     D116 
    -------------------------------------------------------------------------
<CODE> 1 (was CODE)
  Relative segment, address: D6C4 - D6E7 (0x24 bytes), align: 1
  Segment part 125.           Intra module refs:   main
           ENTRY                   ADDRESS         REF BY
           =====                   =======         ======
           ADC_SetParam            D6C4 
    -------------------------------------------------------------------------
<CODE> 1 (was CODE)
  Relative segment, address: CBF4 - CD97 (0x1a4 bytes), align: 1
  Segment part 126.           Intra module refs:   main
           ENTRY                   ADDRESS         REF BY
           =====                   =======         ======
           CalibrationResultAnalise
                                   CBF4 
               calls direct
    -------------------------------------------------------------------------
<CODE> 1 (was CODE)
  Relative segment, address: C060 - C9C3 (0x964 bytes), align: 1
  Segment part 131.
           ENTRY                   ADDRESS         REF BY
           =====                   =======         ======
           main                    C060            Segment part 18 (?cstart)
               calls direct
    -------------------------------------------------------------------------
<CODE> 1 (was CODE)
  Relative segment, address: D982 - D993 (0x12 bytes), align: 1
  Segment part 132.           Intra module refs:   watchdog_timer::??INTVEC 20
           ENTRY                   ADDRESS         REF BY
           =====                   =======         ======
           watchdog_timer          D982 
               interrupt function
    -------------------------------------------------------------------------
<CODE> 1 (was CODE)
  Relative segment, address: DA18 - DA1B (0x4 bytes), align: 1
  Segment part 133.           Intra module refs:   CCR0_ISR::??INTVEC 18
           ENTRY                   ADDRESS         REF BY
           =====                   =======         ======
           CCR0_ISR                DA18 
               interrupt function
    -------------------------------------------------------------------------
<CODE> 1 (was CODE)
  Relative segment, address: DA06 - DA0D (0x8 bytes), align: 1
  Segment part 134.           Intra module refs:   CCR_ISR::??INTVEC 16
           ENTRY                   ADDRESS         REF BY
           =====                   =======         ======
           CCR_ISR                 DA06 
               interrupt function
    -------------------------------------------------------------------------
<CODE> 1 (was CODE)
  Relative segment, address: DA0E - DA13 (0x6 bytes), align: 1
  Segment part 135.           Intra module refs:   Timer_A1_ISR::??INTVEC 26
           ENTRY                   ADDRESS         REF BY
           =====                   =======         ======
           Timer_A1_ISR            DA0E 
               interrupt function
    -------------------------------------------------------------------------
<CODE> 1 (was CODE)
  Relative segment, address: D4E4 - D519 (0x36 bytes), align: 1
  Segment part 130.           Intra module refs:   main
           ENTRY                   ADDRESS         REF BY
           =====                   =======         ======
           Led_Flash               D4E4 
               calls direct
    -------------------------------------------------------------------------
<CODE> 1 (was CODE)
  Relative segment, address: D9FC - DA05 (0xa bytes), align: 1
  Segment part 138.           Intra module refs:   ADC10_ISR::??INTVEC 10
           ENTRY                   ADDRESS         REF BY
           =====                   =======         ======
           ADC10_ISR               D9FC 
               interrupt function
    -------------------------------------------------------------------------
<CODE> 1 (was CODE)
  Relative segment, address: D788 - D7A5 (0x1e bytes), align: 1
  Segment part 127.           Intra module refs:   ADC_Measure_Simple
                                                   SignalAnalysis
           ENTRY                   ADDRESS         REF BY
           =====                   =======         ======
           AverageData             D788 
               calls direct
    -------------------------------------------------------------------------
<CODE> 1 (was CODE)
  Relative segment, address: D70C - D72B (0x20 bytes), align: 1
  Segment part 139.
           ENTRY                   ADDRESS         REF BY
           =====                   =======         ======
           DeviceDiagnostics       D70C            SoftUART_RxParse (soft_uart)
               calls direct
    -------------------------------------------------------------------------
<CODE> 1 (was CODE)
  Relative segment, address: D004 - D08F (0x8c bytes), align: 1
  Segment part 128.           Intra module refs:   JP1_Define
           ENTRY                   ADDRESS         REF BY
           =====                   =======         ======
           ADC_Measure_Simple      D004 
               calls direct
    -------------------------------------------------------------------------
<CODE> 1 (was CODE)
  Relative segment, address: D6E8 - D70B (0x24 bytes), align: 1
  Segment part 129.           Intra module refs:   main
           ENTRY                   ADDRESS         REF BY
           =====                   =======         ======
           JP1_Define              D6E8 
               calls direct
    -------------------------------------------------------------------------
INTVEC
  Common segment, address: FFE0 - FFEB (0xc bytes), align: 1
  Segment part 38. ROOT 
           ENTRY                   ADDRESS         REF BY
           =====                   =======         ======
           ADC10_ISR::??INTVEC 10
                                   FFEA 
    -------------------------------------------------------------------------
INTVEC
  Common segment, address: FFE0 - FFF1 (0x12 bytes), align: 1
  Segment part 39. ROOT 
           ENTRY                   ADDRESS         REF BY
           =====                   =======         ======
           CCR_ISR::??INTVEC 16    FFF0 
    -------------------------------------------------------------------------
INTVEC
  Common segment, address: FFE0 - FFF3 (0x14 bytes), align: 1
  Segment part 40. ROOT 
           ENTRY                   ADDRESS         REF BY
           =====                   =======         ======
           CCR0_ISR::??INTVEC 18   FFF2 
    -------------------------------------------------------------------------
INTVEC
  Common segment, address: FFE0 - FFF5 (0x16 bytes), align: 1
  Segment part 41. ROOT 
           ENTRY                   ADDRESS         REF BY
           =====                   =======         ======
           watchdog_timer::??INTVEC 20
                                   FFF4 
    -------------------------------------------------------------------------
INTVEC
  Common segment, address: FFE0 - FFFB (0x1c bytes), align: 1
  Segment part 42. ROOT 
           ENTRY                   ADDRESS         REF BY
           =====                   =======         ======
           Timer_A1_ISR::??INTVEC 26
                                   FFFA 
    -------------------------------------------------------------------------
DATA16_ID
  Relative segment, address: C036 - C036 (0x1 bytes), align: 0
  Segment part 80.            Intra module refs:   jp1_state

    *************************************************************************

  FILE NAME : E:\_ARTON_PROJ\ARTON-DL3\soft\current\IAR\Debug\Obj\soft_uart.r43
  PROGRAM MODULE, NAME : soft_uart

  SEGMENTS IN THE MODULE
  ======================
DATA16_Z
  Relative segment, address: 034D - 034D (0x1 bytes), align: 0
  Segment part 13.
           ENTRY                   ADDRESS         REF BY
           =====                   =======         ======
           uart_timer              034D            main (main)
    -------------------------------------------------------------------------
DATA16_Z
  Relative segment, address: 034E - 0375 (0x28 bytes), align: 0
  Segment part 14.            Intra module refs:   SoftUART_RxParse
           ENTRY                   ADDRESS         REF BY
           =====                   =======         ======
           uart_rx_buf             034E            main (main)
    -------------------------------------------------------------------------
DATA16_Z
  Relative segment, address: 0376 - 0376 (0x1 bytes), align: 0
  Segment part 15.
           ENTRY                   ADDRESS         REF BY
           =====                   =======         ======
           uart_rx_ind             0376            main (main)
    -------------------------------------------------------------------------
DATA16_C
  Relative segment, address: C02C - C033 (0x8 bytes), align: 0
  Segment part 16.
           ENTRY                   ADDRESS         REF BY
[...]
    -------------------------------------------------------------------------
<CODE> 1 (was CODE)
  Relative segment, address: D844 - D85B (0x18 bytes), align: 1
  Segment part 22.
           ENTRY                   ADDRESS         REF BY
           =====                   =======         ======
           SoftUART_ResetReceiveByte
                                   D844            main (main)
    -------------------------------------------------------------------------
<CODE> 1 (was CODE)
  Relative segment, address: D656 - D67B (0x26 bytes), align: 1
  Segment part 23.            Intra module refs:   SoftUART_RxParse
           ENTRY                   ADDRESS         REF BY
           =====                   =======         ======
           SoftUART_TxString       D656            main (main)
               calls direct
    -------------------------------------------------------------------------
<CODE> 1 (was CODE)
  Relative segment, address: CEAA - CF61 (0xb8 bytes), align: 1
  Segment part 25.
           ENTRY                   ADDRESS         REF BY
           =====                   =======         ======
           SoftUART_RxParse        CEAA            main (main)
               calls direct and indirect

    *************************************************************************

  FILE NAME : C:\Program Files (x86)\IAR Systems\Embedded Workbench 7.3\430\lib\dlib\dl430fn.r43
  LIBRARY MODULE, NAME : ?__dbg_break

  SEGMENTS IN THE MODULE
  ======================
<CODE> 1 (was CODE)
  Relative segment, address: DA28 - DA29 (0x2 bytes), align: 1
  Segment part 2.
           ENTRY                   ADDRESS         REF BY
           =====                   =======         ======
           __DebugBreak            DA28            __exit (?__exit)

    -------------------------------------------------------------------------
  LIBRARY MODULE, NAME : ?__exit

  SEGMENTS IN THE MODULE
  ======================
<CODE> 1 (was CODE)
  Relative segment, address: D94C - D95D (0x12 bytes), align: 1
  Segment part 2.
           ENTRY                   ADDRESS         REF BY
           =====                   =======         ======
           __exit                  D94C            Segment part 6 (?_exit)
                                                   _exit (?_exit)
               calls direct

    -------------------------------------------------------------------------
  LIBRARY MODULE, NAME : ?_exit

  SEGMENTS IN THE MODULE
  ======================
<CODE> 1 (was CODE)
  Relative segment, address: DA1C, align: 1
  Segment part 0.
           ENTRY                   ADDRESS         REF BY
           =====                   =======         ======
           _exit                   DA1C            exit (?exit)
    -------------------------------------------------------------------------
<CODE> 1 (was CODE)
  Relative segment, address: DA1C - DA1F (0x4 bytes), align: 1
  Segment part 6.             Intra module refs:   _exit

    -------------------------------------------------------------------------
  LIBRARY MODULE, NAME : ?cstart

  SEGMENTS IN THE MODULE
  ======================
CSTACK
  Relative segment, address: 039C, align: 1
  Segment part 1.
    -------------------------------------------------------------------------
DATA16_Z
  Relative segment, address: 0338, align: 1
  Segment part 2.
    -------------------------------------------------------------------------
DATA16_I
  Relative segment, address: 0202, align: 1
  Segment part 3.
    -------------------------------------------------------------------------
DATA16_ID
  Relative segment, address: C036, align: 1
  Segment part 4.
    -------------------------------------------------------------------------
CSTART
  Relative segment, address: C038 - C03B (0x4 bytes), align: 1
  Segment part 9.
           ENTRY                   ADDRESS         REF BY
           =====                   =======         ======
           __program_start         C038            ?reset_vector (?reset_vector)
                                                   Absolute parts (?ABS_ENTRY_MOD)
           ?cstart_begin           C038 
    -------------------------------------------------------------------------
CSTART
  Relative segment, address: C03C - C047 (0xc bytes), align: 1
  Segment part 13.
           ENTRY                   ADDRESS         REF BY
           =====                   =======         ======
           ?cstart_init_zero       C03C            CalibrFault (main)
                                                   DeviceFault (main)
                                                   DeviceMode (main)
                                                   DriftCounter (main)
                                                   DriftLevel (main)
                                                   DriftSumma (main)
                                                   PWM_period (main)
                                                   Timer50msCounter (main)
                                                   adc_process (main)
                                                   amp_no (main)
                                                   but (hardware)
                                                   calibr_stage (main)
                                                   cfg_reg (main)
                                                   d1 (main)
                                                   d2 (main)
                                                   d3 (main)
                                                   d4 (main)
                                                   dark (main)
                                                   delta (main)
                                                   delta_last (main)
                                                   fTimerA1_On (main)
                                                   fault_chain_ind (main)
                                                   fault_chain_timer (main)
                                                   fault_phase (main)
                                                   fault_timer (main)
                                                   flash_period_timer (main)
                                                   gain (main)
                                                   hi_signal_counter (main)
                                                   i (hardware)
                                                   led_r (main)
                                                   led_sh (main)
                                                   led_y (main)
                                                   light_sync (main)
                                                   light_timer (main)
                                                   q_array (main)
                                                   reference (main)
                                                   s_array (main)
                                                   signal_array (main)
                                                   start_timer (main)
                                                   strob_pulse_timer (main)
                                                   timerKeyDown (main)
                                                   timerMain (main)
                                                   uart_rx_buf (soft_uart)
                                                   uart_rx_ind (soft_uart)
                                                   uart_timer (soft_uart)
                                                   x (main)
                                                   zero_timer (main)
    -------------------------------------------------------------------------
CSTART
  Relative segment, address: C048 - C057 (0x10 bytes), align: 1
  Segment part 14.
           ENTRY                   ADDRESS         REF BY
           =====                   =======         ======
           ?cstart_init_copy       C048            SegCBackup (flash)
                                                   jp1_state (main)
    -------------------------------------------------------------------------
CSTART
  Relative segment, address: C058 - C05F (0x8 bytes), align: 1
  Segment part 18.            Intra module refs:   Segment part 9
           ENTRY                   ADDRESS         REF BY
           =====                   =======         ======
           ?cstart_call_main       C058 
           ?cstart_end             C060 

    -------------------------------------------------------------------------
  LIBRARY MODULE, NAME : ?reset_vector

  SEGMENTS IN THE MODULE
  ======================
RESET
  Relative segment, address: FFFE - FFFF (0x2 bytes), align: 1
  Segment part 0.
           ENTRY                   ADDRESS         REF BY
           =====                   =======         ======
           ?reset_vector           FFFE            Segment part 9 (?cstart)

    -------------------------------------------------------------------------
  LIBRARY MODULE, NAME : ?Epilogue

  SEGMENTS IN THE MODULE
  ======================
<CODE> 1 (was CODE)
  Relative segment, address: D9D4 - D9D5 (0x2 bytes), align: 1
  Segment part 2.
           ENTRY                   ADDRESS         REF BY
           =====                   =======         ======
           ?Epilogue6              D9D4            CalibrationResultAnalise (main)
                                                   SignalAnalysis (main)
    -------------------------------------------------------------------------
<CODE> 1 (was CODE)
  Relative segment, address: D9D6 - D9D7 (0x2 bytes), align: 1
  Segment part 3.             Intra module refs:   ?Epilogue6
           ENTRY                   ADDRESS         REF BY
           =====                   =======         ======
           ?Epilogue5              D9D6 
    -------------------------------------------------------------------------
<CODE> 1 (was CODE)
  Relative segment, address: D9D8 - D9D9 (0x2 bytes), align: 1
  Segment part 4.             Intra module refs:   ?Epilogue5
           ENTRY                   ADDRESS         REF BY
           =====                   =======         ======
           ?Epilogue4              D9D8            ADC_Measure_Simple (main)
    -------------------------------------------------------------------------
<CODE> 1 (was CODE)
  Relative segment, address: D9DA - D9E1 (0x8 bytes), align: 1
  Segment part 5.             Intra module refs:   ?Epilogue4
           ENTRY                   ADDRESS         REF BY
           =====                   =======         ======
           ?Epilogue3              D9DA            FlashWriteArray (flash)
                                                   StorageProperty (flash)
                                                   fir_filter (main)

    -------------------------------------------------------------------------
  LIBRARY MODULE, NAME : ?exit

  SEGMENTS IN THE MODULE
  ======================
<CODE> 1 (was CODE)
  Relative segment, address: DA20 - DA23 (0x4 bytes), align: 1
  Segment part 2.
           ENTRY                   ADDRESS         REF BY
           =====                   =======         ======
           exit                    DA20            Segment part 18 (?cstart)
               calls direct

    -------------------------------------------------------------------------
  LIBRARY MODULE, NAME : ?Mul816

  SEGMENTS IN THE MODULE
  ======================
<CODE> 1 (was CODE)
  Relative segment, address: D5B0 - D5DD (0x2e bytes), align: 1
  Segment part 1.
           ENTRY                   ADDRESS         REF BY
           =====                   =======         ======
           ?Mul16                  D5B0 
           ?Mul16to32u             D5B0            ?Mul16to32s (?Mul16to32s)

    -------------------------------------------------------------------------
  LIBRARY MODULE, NAME : ?Mul16to32s

  SEGMENTS IN THE MODULE
  ======================
<CODE> 1 (was CODE)
  Relative segment, address: D7C2 - D7DB (0x1a bytes), align: 1
  Segment part 0.
           ENTRY                   ADDRESS         REF BY
           =====                   =======         ======
           ?Mul16to32s             D7C2            fir_filter (main)

    -------------------------------------------------------------------------
  LIBRARY MODULE, NAME : ?DivMod816u

  SEGMENTS IN THE MODULE
  ======================
<CODE> 1 (was CODE)
  Relative segment, address: D874 - D88B (0x18 bytes), align: 1
  Segment part 1.
           ENTRY                   ADDRESS         REF BY
           =====                   =======         ======
           ?DivMod16u              D874            ?DivMod16s (?DivMod816s)
                                                   AverageData (main)
                                                   SetLevels (main)
                                                   SetLevelsFromCalibr (main)
                                                   Timer_A0_StartPWM (main)
                                                   getZeroLevel (main)
                                                   main (main)

    -------------------------------------------------------------------------
  LIBRARY MODULE, NAME : ?DivMod816s

  SEGMENTS IN THE MODULE
  ======================
<CODE> 1 (was CODE)
  Relative segment, address: D550 - D57F (0x30 bytes), align: 1
  Segment part 1.
           ENTRY                   ADDRESS         REF BY
           =====                   =======         ======
           ?DivMod16s              D550            SetLevels (main)
                                                   SignalAnalysis (main)

    -------------------------------------------------------------------------
  LIBRARY MODULE, NAME : ?DivMod32u

  SEGMENTS IN THE MODULE
  ======================
<CODE> 1 (was CODE)
  Relative segment, address: D4AC - D4E3 (0x38 bytes), align: 1
  Segment part 0.
           ENTRY                   ADDRESS         REF BY
           =====                   =======         ======
           ?DivMod32u              D4AC            ?DivMod32s (?DivMod32s)
                                                   main (main)

    -------------------------------------------------------------------------
  LIBRARY MODULE, NAME : ?DivMod32s

  SEGMENTS IN THE MODULE
  ======================
<CODE> 1 (was CODE)
  Relative segment, address: D46C - D4AB (0x40 bytes), align: 1
  Segment part 0.
           ENTRY                   ADDRESS         REF BY
           =====                   =======         ======
           ?DivMod32s              D46C            fir_filter (main)

    -------------------------------------------------------------------------
  LIBRARY MODULE, NAME : ?ShiftRight32s_8n

  SEGMENTS IN THE MODULE
  ======================
<CODE> 1 (was CODE)
  Relative segment, address: D9A4 - D9A7 (0x4 bytes), align: 1
  Segment part 5.
           ENTRY                   ADDRESS         REF BY
           =====                   =======         ======
           ?ShiftRight32s_9        D9A4            fir_filter (main)
    -------------------------------------------------------------------------
<CODE> 1 (was CODE)
  Relative segment, address: D9A8 - D9B3 (0xc bytes), align: 1
  Segment part 6.             Intra module refs:   ?ShiftRight32s_9
           ENTRY                   ADDRESS         REF BY
           =====                   =======         ======
           ?ShiftRight32s_8        D9A8 

    -------------------------------------------------------------------------
  LIBRARY MODULE, NAME : ?memcpy

  SEGMENTS IN THE MODULE
  ======================
<CODE> 1 (was CODE)
  Relative segment, address: D928 - D939 (0x12 bytes), align: 1
  Segment part 2.
           ENTRY                   ADDRESS         REF BY
           =====                   =======         ======
           memcpy                  D928            FlashEraseSegmentSafe (flash)
                                                   FlashWriteArray (flash)
                                                   StorageProperty (flash)
                                                   __data16_memcpy (?memzero)

    -------------------------------------------------------------------------
  LIBRARY MODULE, NAME : ?memzero

  SEGMENTS IN THE MODULE
  ======================
<CODE> 1 (was CODE)
  Relative segment, address: D994 - D9A3 (0x10 bytes), align: 1
  Segment part 2.
           ENTRY                   ADDRESS         REF BY
           =====                   =======         ======
           __data16_memzero        D994            ?cstart_init_zero (?cstart)
    -------------------------------------------------------------------------
<CODE> 1 (was CODE)
  Relative segment, address: DA24 - DA27 (0x4 bytes), align: 1
  Segment part 3.
           ENTRY                   ADDRESS         REF BY
           =====                   =======         ======
           __data16_memcpy         DA24            ?cstart_init_copy (?cstart)
               calls direct




                ****************************************
                *                                      *
                *      SEGMENTS IN ADDRESS ORDER       *
                *                                      *
                ****************************************


SEGMENT              SPACE    START ADDRESS   END ADDRESS     SIZE  TYPE  ALIGN
=======              =====    =============   ===========     ====  ====  =====
DATA16_AN                              0000 - 0000               1   rel    0
                                       0002 - 0002               1 
                                       0020 - 002F              10 
                                       0049 - 004A               2 
                                       0053 - 0053               1 
                                       0056 - 0057               2 
                                       0120 - 0121               2 
                                       0128 - 012D               6 
                                       0160 - 0165               6 
                                       0170 - 0175               6 
                                       0180 - 0183               4 
                                       0190 - 0193               4 
                                       01B0 - 01B3               4 
                                       01BC - 01BD               2 
DATA16_I                               0200 - 0202               3   rel    1
DATA16_Z                               0204 - 0376             173   rel    1
CSTACK                                 039C - 03FF              64   rel    1
DATA16_AC                              1040 - 1067              28   rel    0
DATA16_AN                              10F8 - 10F9               2   rel    0
                                       10FC - 10FF               4 
DATA16_C                               C000 - C033              34   rel    0
DATA16_ID                              C034 - C036               3   rel    1
CSTART                                 C038 - C05F              28   rel    1
<CODE> 1                               C060 - DA29            19CA   rel    1
INTVEC                                 FFE0 - FFFB              1C   com    1
RESET                                  FFFE - FFFF               2   rel    1
REGVAR_AN            REGISTER          0008 - 0009               2   rel    0

                ****************************************
                *                                      *
                *        END OF CROSS REFERENCE        *
                *                                      *
                ****************************************

 6 672 bytes of CODE     memory
   474 bytes of DATA     memory (+ 63 absolute )
     0 bytes of REGISTER memory (+  2 absolute )
    55 bytes of CONST    memory (+ 40 absolute )

Errors: none
Warnings: none

