###############################################################################
#
# IAR C/C++ Compiler V6.40.1.950/W32 for MSP430           08/Nov/2017  15:50:27
# Copyright 1996-2015 IAR Systems AB.
# Standalone license - IAR Embedded Workbench for Texas Instruments MSP430
#
#    __rt_version  =  3
#    __double_size =  32
#    __reg_r4      =  regvar
#    __reg_r5      =  free
#    __pic         =  no
#    __core        =  430
#    Source file   =  E:\_ARTON_PROJ\ARTON-DL3\soft\current\flash.c
#    Command line  =  
#        E:\_ARTON_PROJ\ARTON-DL3\soft\current\flash.c -lcN
#        E:\_ARTON_PROJ\ARTON-DL3\soft\current\IAR\Debug\List -o
#        E:\_ARTON_PROJ\ARTON-DL3\soft\current\IAR\Debug\Obj --no_unroll
#        --no_inline --no_tbaa --debug -D__MSP430G2553__ -e --double=32
#        --regvar_r4 --dlib_config "C:\Program Files (x86)\IAR Systems\Embedded
#        Workbench 7.3\430\lib\dlib\dl430fn.h" -I ..\ -I .\ -Om
#    List file     =  
#        E:\_ARTON_PROJ\ARTON-DL3\soft\current\IAR\Debug\List\flash.lst
#    Object file   =  
#        E:\_ARTON_PROJ\ARTON-DL3\soft\current\IAR\Debug\Obj\flash.r43
#
###############################################################################

E:\_ARTON_PROJ\ARTON-DL3\soft\current\flash.c
      1          /**********************************************************************************
      2           *
      3           *      Flash operation routines
      4           *
      5           **********************************************************************************
      6           * FileName:        flash.c
      7           * Version:			1.00
      8           *
      9           * Processor:       MSP430G2xxx
     10           * Complier:        IAR Workbench for MSP430 v4.50 or higher
     11           *                  
     12           * Company:         ARTON
     13           *
     14           *
     15           * Author               Date      	Version	  		Comment
     16           *-------------------------------------------------------------------------------
     17           * Oleg Semeniuk	 25.11.2013    	1.00		Release for v1.00
     18           *
     19          
     20           *********************************************************************************/
     21          
     22          
     23          /*********************************************************************************/
     24          /*                                 INCLUDES                                      */
     25          /*********************************************************************************/
     26          
     27          #include <string.h>
     28          #include  "hardware.h"
     29          #include  "flash.h"
     30          #include  "type.h"
     31          #include  "main.h"
     32          
     33          
     34          /*********************************************************************************/
     35          /*                                 VARIABLES                                     */
     36          /*********************************************************************************/
     37          
     38          // Data flash segment
     39          __no_init 	unsigned char SegC[64] 			@FLASH_SEG_ADDR;
     40          
     41          
     42          // Area in the flash memory for placing of configuration data
     43          
     44          const tEE_CONFIG 	ee_config @ FLASH_SEG_ADDR = {
     45          	// Common section
     46          		.version = 100,					// v1.01
     47          		.dev_type = 6,                                  //Arton-DL3
     48                                      //4,					// Arton-DL1
     49          		.serial = {0xFF, 0xFF, 0xFF},
     50          		.date_prod = 0x0810,
     51          	// Specific section
     52          		.config_reg = {.fDrift = 1},
     53          		.limit_norm = 400,
     54          		.limit_prefire = 320,
     55          		.limit_fire = 280,
     56          		.fire_hister = 30,
     57          		.limit_drift = 0xFFFF,
     58          		.limit_low = 20,	
     59          		.limit_hi = 600,
     60          		.calibr_fault = 0,
     61          		.Gain = 1,
     62          		.AMP_No = 2,
     63          		.dev_name = "DL3-BPI",
     64          		//	
     65          		.CS = 0x5a5a,
     66           };
     67          
     68          //const u32 ee_config[] @ FLASH_SEG_ADDR  = {0xFFFFFFFF, 0xFFFFFFFF, 0xFFFFFFFF, 0xFFFFFFFF, 0xFFFFFFFF, 0xFFFFFFFF, 0xFFFFFFFF, 0xFFFFFFFF};
     69          
     70          u8 * SegCBackup = (u8*)&signal_array[0];			// Buffer for backup configuration data
     71          
     72          
     73          /*********************************************************************************/
     74          /*                                FUNCTIONS                                      */
     75          /*********************************************************************************/
     76          
     77          
     78          //-------------------------------------------------------------------------------------------------
     79          // Function		: void FlashInit(void)
     80          // Parameters	: None
     81          // Return		: None
     82          // Description	: Initialisation Flash for write operation
     83          //-------------------------------------------------------------------------------------------------
     84          void FlashInit(void) {
     85          	_DINT(); 
     86          	while(1) if(!(BUSY&FCTL3))break;
     87          	FCTL2 = FWKEY | FSSEL_2 | FN1;       	// SMCLK/3
     88          }
     89          
     90          
     91          
     92          //-------------------------------------------------------------------------------------------------
     93          // Function		: void FlashDeInit(void)
     94          // Parameters	: None
     95          // Return		: None
     96          // Description	: DeInitialisation Flash for write operation
     97          //-------------------------------------------------------------------------------------------------
     98          void FlashDeInit(void) {
     99          	_EINT();
    100          }
    101          
    102          
    103          //-------------------------------------------------------------------------------------------------
    104          // Function		: void FlashEraseSegment(unsigned char *SegPtr)
    105          // Parameters	: SegPtr - pointer on segment
    106          // Return		: None
    107          // Description	: Erase of flash memory segment
    108          //-------------------------------------------------------------------------------------------------
    109          void FlashEraseSegment(unsigned char *SegPtr) {
    110          	_DINT();
    111          	FCTL3 = FWKEY;					// Lock   = 0 
    112          	while(1) if(!(BUSY&FCTL3))break;
    113          	FCTL1 = FWKEY | ERASE;			// ERASE  = 1 
    114          	SegPtr[0] = 0;                       
    115          	while(1) if(!(BUSY&FCTL3))break;
    116          	FCTL1 = FWKEY;					// ERASE  = 0 
    117          	FCTL3 = FWKEY | LOCK;			// Lock   = 1 
    118          	_EINT();
    119          }
    120          
    121          
    122          
    123          //-------------------------------------------------------------------------------------------------
    124          // Function		: void FlashWriteByte(unsigned char *DataPtr, unsigned char byte)
    125          // Parameters	: DataPtr - pointer on flash memory, byte - byte of data
    126          // Return		: None
    127          // Description	: Write byte into flash memory
    128          //-------------------------------------------------------------------------------------------------
    129          void FlashWriteByte(unsigned char *DataPtr, unsigned char byte) {
    130              _DINT();
    131          	do {
    132          		FCTL3 = FWKEY;			// Lock = 0 
    133          		while(1) if(!(BUSY&FCTL3))break;
    134          		FCTL1 = FWKEY|WRT;		// WRT  = 1 
    135          		DataPtr[0] = byte;			// Program Flash byte 
    136          		while(1) if(!(BUSY&FCTL3))break;
    137          		FCTL1 = FWKEY;			// WRT  = 0 
    138          		FCTL3 = FWKEY|LOCK;		// Lock = 1 
    139              }
    140              while(DataPtr[0] != byte);
    141          	_EINT();
    142          }
    143          
    144          
    145          //-------------------------------------------------------------------------------------------------
    146          // Function		: void FlashWriteWord(unsigned char *DataPtr, unsigned short word)
    147          // Parameters	: DataPtr - pointer on flash memory, word - word of data
    148          // Return		: None
    149          // Description	: Write word (2 byte) into flash memory
    150          //-------------------------------------------------------------------------------------------------
    151          void FlashWriteWord(unsigned short *DataPtr, unsigned short word) {
    152             _DINT();
    153          	do {
    154          		FCTL3 = FWKEY;			// Lock = 0 
    155          		while(1) if(!(BUSY&FCTL3))break;
    156          		FCTL1 = FWKEY|WRT;		// WRT  = 1 
    157          		*DataPtr = word;			// Program Flash byte 
    158          		while(1) if(!(BUSY&FCTL3))break;
    159          		FCTL1 = FWKEY;			// WRT  = 0 
    160          		FCTL3 = FWKEY|LOCK;		// Lock = 1 
    161              }
    162              while(*DataPtr != word);
    163          	_EINT();
    164          }
    165          
    166          
    167          
    168          //-------------------------------------------------------------------------------------------------
    169          // Function		: void FlashWriteArray(unsigned char * DestPtr, unsigned char *SrcPtr, int len)
    170          // Parameters	: DestPtr - pointer to flash memory, SrcPtr - pointer to data for write, len - length of data
    171          // Return		: None
    172          // Description	: Write array into flash memory
    173          //-------------------------------------------------------------------------------------------------
    174          void FlashWriteArray(unsigned char * DestPtr, unsigned char *SrcPtr, int len) {
    175              _DINT();
    176          	do {
    177          		FCTL3 = FWKEY;			// Lock = 0 
    178          		while(1) if(!(BUSY&FCTL3))break;
    179          		FCTL1 = FWKEY | WRT;		// WRT  = 1 
    180          		memcpy(DestPtr, SrcPtr, len);
    181          		while(1) if(!(BUSY&FCTL3))break;
    182          		FCTL1 = FWKEY;			// WRT  = 0 
    183          		FCTL3 = FWKEY | LOCK;		// Lock = 1 
    184              }
    185              while(DestPtr[len-1] != SrcPtr[len-1]);
    186          	_EINT();
    187          }
    188          
    189          
    190          //-------------------------------------------------------------------------------------------------
    191          // Function		: void FlashEraseSegmentSafe(int safe_bytes)
    192          // Parameters	: safe_bytes - number of bytes saved over backup
    193          // Return		: None
    194          // Description	: Erase one segment of flash with saving content into backup
    195          //-------------------------------------------------------------------------------------------------
    196          void FlashEraseSegmentSafe(int safe_bytes) {
    197          	memcpy(SegCBackup, (void *)FLASH_SEG_ADDR, safe_bytes);
    198          	FlashEraseSegment((void *)FLASH_SEG_ADDR);
    199          }
    200          
    201          //-------------------------------------------------------------------------------------------------
    202          // Function		: void FlashEraseSegmentSafe(int safe_bytes)
    203          // Parameters	: restore_bytes - number of bytes restored from backup
    204          // Return		: None
    205          // Description	: Write one segment of flash with restoring content from backup
    206          //-------------------------------------------------------------------------------------------------
    207          void FlashWriteSegmentSafe(int restore_bytes) {
    208          	FlashWriteArray((unsigned char *)FLASH_SEG_ADDR, SegCBackup, restore_bytes);
    209          }
    210          
    211          
    212          
    213          //-------------------------------------------------------------------------------------------------
    214          // Function		: void StorageProperty(u16 seg_offset, unsigned char * data, u8 len)
    215          // Parameters	: seg_offset - offset from begin of datasegment, data - ptr to data array, len - length of data
    216          // Return		: None
    217          // Description	: Write array property into flash
    218          //-------------------------------------------------------------------------------------------------
    219          void StorageProperty(u16 seg_offset, unsigned char * data, u8 len) {		 
    220          	FlashInit();
    221          	//
    222          	FlashEraseSegmentSafe(FLASH_LEN);		// Кол-во сохраненных байт
    223          	memcpy(((u8 *)(&SegCBackup[0] + seg_offset)), data, len);
    224          	FlashWriteSegmentSafe(FLASH_LEN);
    225          	//
    226          	FlashDeInit();
    227          }
    228          
    229          
    230          //-------------------------------------------------------------------------------------------------
    231          // Function		: void StoragePropertyByte(u16 seg_offset, u8 byte)
    232          // Parameters	: seg_offset - offset from begin of datasegment, byte - byte for write to flash
    233          // Return		: None
    234          // Description	: Write word property into flash
    235          //-------------------------------------------------------------------------------------------------
    236          void StoragePropertyByte(u16 seg_offset, u8 byte) {
    237          	u8	data = byte;
    238          	StorageProperty(seg_offset, (u8 *)&data, 1);
    239          }
    240          
    241          
    242          
    243          //-------------------------------------------------------------------------------------------------
    244          // Function		: void StoragePropertyWord(u16 seg_offset, u16 word)
    245          // Parameters	: seg_offset - offset from begin of datasegment, word - word for write to flash
    246          // Return		: None
    247          // Description	: Write word property into flash
    248          //-------------------------------------------------------------------------------------------------
    249          void StoragePropertyWord(u16 seg_offset, u16 word) {
    250          	u16	data = word;
    251          	StorageProperty(seg_offset, (u8 *)&data, 2);
    252          }
    253          
    254          
    255          
    256          //-------------------------------------------------------------------------------------------------
    257          // Function		: u16 GetPropertiesCRC(void)
    258          // Parameters	: None
    259          // Return		: Value of flash data checksum
    260          // Description	: Calculate checksum of the flash data 
    261          //-------------------------------------------------------------------------------------------------
    262          u16 GetPropertiesCS(void) {
    263          	u16		summa = 0;
    264          	u8		i = PROPERTIES_LEN / 2;
    265          	u16 * 	ptr = (u16 *) &ee_config;
    266          	while (i--) {
    267          		summa ^= *ptr++;
    268          	}
    269          	//
    270          	return summa;
    271          }
    272          
    273          
    274          
    275          //-------------------------------------------------------------------------------------------------
    276          // Function		: void SavePropertyCRC(void)
    277          // Parameters	: None
    278          // Return		: None
    279          // Description	: Calculate checksum of the flash data and write into flash
    280          //-------------------------------------------------------------------------------------------------
    281          void SavePropertyCS(void) {
    282          	u16	summa = GetPropertiesCS() ;
    283          	StorageProperty(eeCRC_OFFSET, (u8 *)&summa, 2);
    284          }
    285          
    286          // End flash.c

   Maximum stack usage in bytes:

   CSTACK Function
   ------ --------
      2   FlashDeInit
      2   FlashEraseSegment
      2   FlashEraseSegmentSafe
        0   -> FlashEraseSegment
        2   -> memcpy
      2   FlashInit
      8   FlashWriteArray
        8   -> memcpy
        8 ?Epilogue3
      2   FlashWriteByte
      2   FlashWriteSegmentSafe
        0   -> FlashWriteArray
      2   FlashWriteWord
      2   GetPropertiesCS
      4   SavePropertyCS
        4   -> GetPropertiesCS
        4   -> StorageProperty
      8   StorageProperty
        8   -> FlashDeInit
        8   -> FlashEraseSegmentSafe
        8   -> FlashInit
        8   -> FlashWriteSegmentSafe
        8   -> memcpy
        8 ?Epilogue3
      4   StoragePropertyByte
        4   -> StorageProperty
      4   StoragePropertyWord
        4   -> StorageProperty


   Segment part sizes:

   Bytes  Function/Label
   -----  --------------
       2  ?<Initializer for SegCBackup>
       2  FCTL1
       2  FCTL2
       2  FCTL3
       4  FlashDeInit
      48  FlashEraseSegment
      22  FlashEraseSegmentSafe
      18  FlashInit
      84  FlashWriteArray
      52  FlashWriteByte
      14  FlashWriteSegmentSafe
      52  FlashWriteWord
      24  GetPropertiesCS
      26  SavePropertyCS
       2  SegCBackup
      54  StorageProperty
      18  StoragePropertyByte
      18  StoragePropertyWord
      40  ee_config

 
 434 bytes in segment CODE
  40 bytes in segment DATA16_AC
   6 bytes in segment DATA16_AN
   2 bytes in segment DATA16_I
   2 bytes in segment DATA16_ID
 
 434 bytes of CODE  memory
   2 bytes of CONST memory (+ 40 bytes shared)
   2 bytes of DATA  memory (+  6 bytes shared)

Errors: none
Warnings: none
