################################################################################
#                                                                              #
#      IAR Universal Linker V6.3.4.78                                          #
#                                                                              #
#           Link time     =  03/Nov/2017  11:03:35                             #
#           Target CPU    =  MSP430                                            #
#           List file     =  E:\_ARTON_PROJ\ARTON-DL3\soft\current\IAR\Release #
#                            \List\Arton_DL3.map                               #
#           Output file 1 =  E:\_ARTON_PROJ\ARTON-DL3\soft\current\IAR\Release #
#                            \Exe\Arton_DL3.a43                                #
#                            Format: intel-extended                            #
#           Output file 2 =  E:\_ARTON_PROJ\ARTON-DL3\soft\current\IAR\Release #
#                            \Exe\Arton_DL3.d43                                #
#                            Format: ubrof10                                   #
#                            UBROF version 10.0.6                              #
#           Command line  =  E:\_ARTON_PROJ\ARTON-DL3\soft\current\IAR\Release #
#                            \Obj\delay.r43                                    #
#                            E:\_ARTON_PROJ\ARTON-DL3\soft\current\IAR\Release #
#                            \Obj\flash.r43                                    #
#                            E:\_ARTON_PROJ\ARTON-DL3\soft\current\IAR\Release #
#                            \Obj\hardware.r43                                 #
#                            E:\_ARTON_PROJ\ARTON-DL3\soft\current\IAR\Release #
#                            \Obj\main.r43                                     #
#                            E:\_ARTON_PROJ\ARTON-DL3\soft\current\IAR\Release #
#                            \Obj\soft_uart.r43                                #
#                            -o                                                #
#                            E:\_ARTON_PROJ\ARTON-DL3\soft\current\IAR\Release #
#                            \Exe\Arton_DL3.d43                                #
#                            -l                                                #
#                            E:\_ARTON_PROJ\ARTON-DL3\soft\current\IAR\Release #
#                            \List\Arton_DL3.map                               #
#                            -xms                                              #
#                            "-IC:\Program Files (x86)\IAR Systems\Embedded Wo #
#                            rkbench 7.3\430\LIB\"                             #
#                            -f                                                #
#                            "C:\Program Files (x86)\IAR Systems\Embedded Work #
#                            bench 7.3\430\config\linker\lnk430g2433.xcl"      #
#                            (-cmsp430 -QCODE_I=CODE_ID -QTLS16_I=TLS16_ID     #
#                            -Z(CONST)INFO=1000-10FF                           #
#                            -Z(CONST)INFOA=10C0-10FF                          #
#                            -Z(CONST)INFOB=1080-10BF                          #
#                            -Z(CONST)INFOC=1040-107F                          #
#                            -Z(CONST)INFOD=1000-103F                          #
#                            -Z(DATA)DATA16_I,DATA16_Z,DATA16_N,TLS16_I=0200-0 #
#                            3FF                                               #
#                            -Z(DATA)DATA16_HEAP+_DATA16_HEAP_SIZE             #
#                            -Z(DATA)CODE_I -Z(DATA)CSTACK+_STACK_SIZE#        #
#                            -Z(CONST)DATA16_C,DATA16_ID,TLS16_ID,DIFUNCT,CHEC #
#                            KSUM=E000-FFDD                                    #
#                            -Z(CODE)CSTART,ISR_CODE,CODE_ID=E000-FFDD         #
#                            -P(CODE)CODE=E000-FFDD                            #
#                            -Z(CONST)SIGNATURE=FFDE-FFDF                      #
#                            -Z(CODE)INTVEC=FFE0-FFFF                          #
#                            -Z(CODE)RESET=FFFE-FFFF) -D_STACK_SIZE=50         #
#                            -Fubrof                                           #
#                            "C:\Program Files (x86)\IAR Systems\Embedded Work #
#                            bench 7.3\430\lib\clib\cl430f.r43"                #
#                            -e_large_write=_formatted_write                   #
#                            -e_large_read=_formatted_read                     #
#                            -D_DATA16_HEAP_SIZE=50                            #
#                            -Ointel-extended=E:\_ARTON_PROJ\ARTON-DL3\soft\cu #
#                            rrent\IAR\Release\Exe\Arton_DL3.a43               #
#                            -s __program_start -D_DATA20_HEAP_SIZE=50         #
#                                                                              #
#                           Copyright (C) 1987-2015 IAR Systems AB.            #
################################################################################





                ****************************************
                *                                      *
                *           CROSS REFERENCE            *
                *                                      *
                ****************************************

       Program entry at :           E038  Relocatable, from module : ?cstart




                ****************************************
                *                                      *
                *            RUNTIME MODEL             *
                *                                      *
                ****************************************

  __SystemLibrary = CLib
  __core          = 430
  __double_size   = 32
  __pic           = no
  __reg_r4        = regvar
  __reg_r5        = free
  __rt_version    = 3

                ****************************************
                *                                      *
                *    AUTOMATIC SYMBOL REDIRECTIONS     *
                *                                      *
                ****************************************

                  There are no automatic symbol redirections.



                ****************************************
                *                                      *
                *              MODULE MAP              *
                *                                      *
                ****************************************


  DEFINED ABSOLUTE ENTRIES
    *************************************************************************

  DEFINED ABSOLUTE ENTRIES
  PROGRAM MODULE, NAME : ?ABS_ENTRY_MOD

Absolute parts
           ENTRY                   ADDRESS         REF BY
           =====                   =======         ======
           _DATA20_HEAP_SIZE       0050 
           _DATA16_HEAP_SIZE       0050 
           _STACK_SIZE             0050 
    *************************************************************************

  FILE NAME : E:\_ARTON_PROJ\ARTON-DL3\soft\current\IAR\Release\Obj\delay.r43
  PROGRAM MODULE, NAME : delay

  SEGMENTS IN THE MODULE
  ======================
<CODE> 1 (was CODE)
  Relative segment, address: F954 - F967 (0x14 bytes), align: 1
  Segment part 2.
           ENTRY                   ADDRESS         REF BY
           =====                   =======         ======
           DelayUs_8MHz            F954            SoftUART_SendByte (soft_uart)
                                                   SoftUART_TxMode_ON (soft_uart)
                                                   main (main)
    -------------------------------------------------------------------------
<CODE> 1 (was CODE)
  Relative segment, address: F752 - F771 (0x20 bytes), align: 1
  Segment part 3.             Intra module refs:   DelayMs
           ENTRY                   ADDRESS         REF BY
           =====                   =======         ======
           DelayUs                 F752            ADC_MeasureInit (main)
                                                   ADC_Measure_Simple (main)
                                                   Led_Flash (main)
                                                   PORT1_ISR (hardware)
                                                   main (main)
    -------------------------------------------------------------------------
<CODE> 1 (was CODE)
  Relative segment, address: F928 - F93D (0x16 bytes), align: 1
  Segment part 5.
           ENTRY                   ADDRESS         REF BY
           =====                   =======         ======
           DelayMs                 F928            DeviceDiagnostics (main)
                                                   Led_Flash (main)
                                                   main (main)
               calls direct

    *************************************************************************

  FILE NAME : E:\_ARTON_PROJ\ARTON-DL3\soft\current\IAR\Release\Obj\flash.r43
  PROGRAM MODULE, NAME : flash

  SEGMENTS IN THE MODULE
  ======================
DATA16_AN
  Relative segment, address: 0128 - 0129 (0x2 bytes), align: 0
  Segment part 1. ROOT        Intra module refs:   FlashEraseSegment
                                                   FlashWriteArray
           ENTRY                   ADDRESS         REF BY
           =====                   =======         ======
           FCTL1                   0128 
    -------------------------------------------------------------------------
DATA16_AN
  Relative segment, address: 012A - 012B (0x2 bytes), align: 0
  Segment part 2. ROOT        Intra module refs:   FlashInit
           ENTRY                   ADDRESS         REF BY
           =====                   =======         ======
           FCTL2                   012A 
    -------------------------------------------------------------------------
DATA16_AN
  Relative segment, address: 012C - 012D (0x2 bytes), align: 0
  Segment part 3. ROOT        Intra module refs:   FlashEraseSegment
                                                   FlashInit
                                                   FlashWriteArray
           ENTRY                   ADDRESS         REF BY
           =====                   =======         ======
           FCTL3                   012C 
    -------------------------------------------------------------------------
DATA16_AC
  Relative segment, address: 1040 - 1067 (0x28 bytes), align: 0
  Segment part 4. ROOT        Intra module refs:   GetPropertiesCS
           ENTRY                   ADDRESS         REF BY
           =====                   =======         ======
           ee_config               1040 
    -------------------------------------------------------------------------
DATA16_I
  Relative segment, address: 0200 - 0201 (0x2 bytes), align: 1
  Segment part 6.             Intra module refs:   FlashEraseSegmentSafe
                                                   FlashWriteSegmentSafe
                                                   StorageProperty
           ENTRY                   ADDRESS         REF BY
           =====                   =======         ======
           SegCBackup              0200 
    -------------------------------------------------------------------------
<CODE> 1 (was CODE)
  Relative segment, address: F98C - F99D (0x12 bytes), align: 1
  Segment part 8.             Intra module refs:   StorageProperty
           ENTRY                   ADDRESS         REF BY
           =====                   =======         ======
           FlashInit               F98C 
    -------------------------------------------------------------------------
<CODE> 1 (was CODE)
  Relative segment, address: FA44 - FA47 (0x4 bytes), align: 1
  Segment part 9.             Intra module refs:   StorageProperty
           ENTRY                   ADDRESS         REF BY
           =====                   =======         ======
           FlashDeInit             FA44 
    -------------------------------------------------------------------------
<CODE> 1 (was CODE)
  Relative segment, address: F576 - F5A5 (0x30 bytes), align: 1
  Segment part 10.            Intra module refs:   FlashEraseSegmentSafe
           ENTRY                   ADDRESS         REF BY
           =====                   =======         ======
           FlashEraseSegment       F576 
    -------------------------------------------------------------------------
<CODE> 1 (was CODE)
  Relative segment, address: F3AC - F3FF (0x54 bytes), align: 1
  Segment part 13.            Intra module refs:   FlashWriteSegmentSafe
           ENTRY                   ADDRESS         REF BY
           =====                   =======         ======
           FlashWriteArray         F3AC 
               calls direct
    -------------------------------------------------------------------------
<CODE> 1 (was CODE)
  Relative segment, address: F93E - F953 (0x16 bytes), align: 1
  Segment part 14.            Intra module refs:   StorageProperty
           ENTRY                   ADDRESS         REF BY
           =====                   =======         ======
           FlashEraseSegmentSafe   F93E 
               calls direct
    -------------------------------------------------------------------------
<CODE> 1 (was CODE)
  Relative segment, address: FA00 - FA0D (0xe bytes), align: 1
  Segment part 15.            Intra module refs:   StorageProperty
           ENTRY                   ADDRESS         REF BY
           =====                   =======         ======
           FlashWriteSegmentSafe   FA00 
               calls direct
    -------------------------------------------------------------------------
<CODE> 1 (was CODE)
  Relative segment, address: F50A - F53F (0x36 bytes), align: 1
  Segment part 16.            Intra module refs:   SavePropertyCS
                                                   StoragePropertyByte
                                                   StoragePropertyWord
           ENTRY                   ADDRESS         REF BY
           =====                   =======         ======
           StorageProperty         F50A            SoftUART_RxParse (soft_uart)
               calls direct
    -------------------------------------------------------------------------
<CODE> 1 (was CODE)
  Relative segment, address: F968 - F979 (0x12 bytes), align: 1
  Segment part 17.
           ENTRY                   ADDRESS         REF BY
           =====                   =======         ======
           StoragePropertyByte     F968            CalibrationResultAnalise (main)
               calls direct
    -------------------------------------------------------------------------
<CODE> 1 (was CODE)
  Relative segment, address: F99E - F9AF (0x12 bytes), align: 1
  Segment part 18.
           ENTRY                   ADDRESS         REF BY
           =====                   =======         ======
           StoragePropertyWord     F99E            CalibrationResultAnalise (main)
                                                   SetLevels (main)
                                                   SetLevelsFromCalibr (main)
                                                   SetLimitCompens (main)
                                                   VLO_TimerCalibr (main)
               calls direct
    -------------------------------------------------------------------------
<CODE> 1 (was CODE)
  Relative segment, address: F8E2 - F8F9 (0x18 bytes), align: 1
  Segment part 19.            Intra module refs:   SavePropertyCS
           ENTRY                   ADDRESS         REF BY
           =====                   =======         ======
           GetPropertiesCS         F8E2            DeviceDiagnostics (main)
    -------------------------------------------------------------------------
<CODE> 1 (was CODE)
  Relative segment, address: F7E8 - F801 (0x1a bytes), align: 1
  Segment part 20.
           ENTRY                   ADDRESS         REF BY
           =====                   =======         ======
           SavePropertyCS          F7E8            SetLevels (main)
                                                   SetLevelsFromCalibr (main)
                                                   SetLimitCompens (main)
                                                   SoftUART_RxParse (soft_uart)
                                                   VLO_TimerCalibr (main)
               calls direct
    -------------------------------------------------------------------------
DATA16_ID
  Relative segment, address: E034 - E035 (0x2 bytes), align: 1
  Segment part 7.             Intra module refs:   SegCBackup

    *************************************************************************

  FILE NAME : E:\_ARTON_PROJ\ARTON-DL3\soft\current\IAR\Release\Obj\hardware.r43
  PROGRAM MODULE, NAME : hardware

  SEGMENTS IN THE MODULE
  ======================
DATA16_AN
  Relative segment, address: 0056 - 0056 (0x1 bytes), align: 0
  Segment part 1. ROOT        Intra module refs:   PORT2_ISR
                                                   main (main)
           ENTRY                   ADDRESS         REF BY
           =====                   =======         ======
           DCOCTL                  0056 
    -------------------------------------------------------------------------
DATA16_AN
  Relative segment, address: 0057 - 0057 (0x1 bytes), align: 0
  Segment part 2. ROOT        Intra module refs:   PORT2_ISR
                                                   Timer_A0_StartPWM (main)
                                                   main (main)
           ENTRY                   ADDRESS         REF BY
           =====                   =======         ======
           BCSCTL1                 0057 
    -------------------------------------------------------------------------
DATA16_AN
  Relative segment, address: 0020 - 0020 (0x1 bytes), align: 0
  Segment part 3. ROOT        Intra module refs:   PORT1_ISR
           ENTRY                   ADDRESS         REF BY
           =====                   =======         ======
           P1IN                    0020 
    -------------------------------------------------------------------------
DATA16_AN
  Relative segment, address: 0021 - 0021 (0x1 bytes), align: 0
  Segment part 4. ROOT        Intra module refs:   AMP_SetGain
                                                   BUT_INT_Init
                                                   CCR_ISR (main)
                                                   GPIO_Init
                                                   Timer_A0_Off (main)
                                                   Timer_A0_StopPWM (main)
                                                   main (main)
           ENTRY                   ADDRESS         REF BY
           =====                   =======         ======
           P1OUT                   0021 
    -------------------------------------------------------------------------
DATA16_AN
  Relative segment, address: 0022 - 0022 (0x1 bytes), align: 0
  Segment part 5. ROOT        Intra module refs:   BUT_INT_Init
                                                   GPIO_Init
           ENTRY                   ADDRESS         REF BY
           =====                   =======         ======
           P1DIR                   0022 
    -------------------------------------------------------------------------
DATA16_AN
  Relative segment, address: 0023 - 0023 (0x1 bytes), align: 0
  Segment part 6. ROOT        Intra module refs:   ADC_Measure_Simple (main)
                                                   BUT_INT_Init
                                                   PORT1_ISR
           ENTRY                   ADDRESS         REF BY
           =====                   =======         ======
           P1IFG                   0023 
    -------------------------------------------------------------------------
DATA16_AN
  Relative segment, address: 0024 - 0024 (0x1 bytes), align: 0
  Segment part 7. ROOT        Intra module refs:   BUT_INT_Init
                                                   PORT1_ISR
           ENTRY                   ADDRESS         REF BY
           =====                   =======         ======
           P1IES                   0024 
    -------------------------------------------------------------------------
DATA16_AN
  Relative segment, address: 0025 - 0025 (0x1 bytes), align: 0
  Segment part 8. ROOT        Intra module refs:   ADC_Measure_Simple (main)
                                                   BUT_INT_Init
           ENTRY                   ADDRESS         REF BY
           =====                   =======         ======
           P1IE                    0025 
    -------------------------------------------------------------------------
DATA16_AN
  Relative segment, address: 0026 - 0026 (0x1 bytes), align: 0
  Segment part 9. ROOT        Intra module refs:   GPIO_Init
                                                   Timer_A0_Off (main)
                                                   Timer_A0_StartPWM (main)
                                                   Timer_A0_StopPWM (main)
           ENTRY                   ADDRESS         REF BY
           =====                   =======         ======
           P1SEL                   0026 
    -------------------------------------------------------------------------
DATA16_AN
  Relative segment, address: 0027 - 0027 (0x1 bytes), align: 0
  Segment part 10. ROOT       Intra module refs:   ADC_Measure_Simple (main)
                                                   BUT_INT_Init
           ENTRY                   ADDRESS         REF BY
           =====                   =======         ======
           P1REN                   0027 
    -------------------------------------------------------------------------
DATA16_AN
  Relative segment, address: 0029 - 0029 (0x1 bytes), align: 0
  Segment part 11. ROOT       Intra module refs:   AMP_SetGain
                                                   CalibrationResultAnalise (main)
                                                   FaultSignalManager (main)
                                                   GPIO_Init
                                                   INTER_INT_Init
                                                   Led_Flash (main)
                                                   SoftUART_SendByte (soft_uart)
                                                   SoftUART_TxMode_ON (soft_uart)
                                                   main (main)
           ENTRY                   ADDRESS         REF BY
           =====                   =======         ======
           P2OUT                   0029 
    -------------------------------------------------------------------------
DATA16_AN
  Relative segment, address: 002A - 002A (0x1 bytes), align: 0
  Segment part 12. ROOT       Intra module refs:   GPIO_Init
                                                   INTER_INT_Init
                                                   SoftUART_TxMode_OFF (soft_uart)
                                                   SoftUART_TxMode_ON (soft_uart)
                                                   main (main)
           ENTRY                   ADDRESS         REF BY
           =====                   =======         ======
           P2DIR                   002A 
    -------------------------------------------------------------------------
DATA16_AN
  Relative segment, address: 002B - 002B (0x1 bytes), align: 0
  Segment part 13. ROOT       Intra module refs:   INTER_INT_Init
                                                   PORT2_ISR
                                                   SoftUART_ResetReceiveByte (soft_uart)
                                                   main (main)
           ENTRY                   ADDRESS         REF BY
           =====                   =======         ======
           P2IFG                   002B 
    -------------------------------------------------------------------------
DATA16_AN
  Relative segment, address: 002C - 002C (0x1 bytes), align: 0
  Segment part 14. ROOT       Intra module refs:   INTER_INT_Init
           ENTRY                   ADDRESS         REF BY
           =====                   =======         ======
           P2IES                   002C 
    -------------------------------------------------------------------------
DATA16_AN
  Relative segment, address: 002D - 002D (0x1 bytes), align: 0
  Segment part 15. ROOT       Intra module refs:   INTER_INT_Init
                                                   PORT2_ISR
                                                   SoftUART_ResetReceiveByte (soft_uart)
                                                   SoftUART_SetReceiveByte (soft_uart)
           ENTRY                   ADDRESS         REF BY
           =====                   =======         ======
           P2IE                    002D 
    -------------------------------------------------------------------------
DATA16_AN
  Relative segment, address: 002E - 002E (0x1 bytes), align: 0
  Segment part 16. ROOT       Intra module refs:   GPIO_Init
           ENTRY                   ADDRESS         REF BY
           =====                   =======         ======
           P2SEL                   002E 
    -------------------------------------------------------------------------
DATA16_AN
  Relative segment, address: 002F - 002F (0x1 bytes), align: 0
  Segment part 17. ROOT       Intra module refs:   INTER_INT_Init
                                                   SoftUART_TxMode_OFF (soft_uart)
                                                   SoftUART_TxMode_ON (soft_uart)
           ENTRY                   ADDRESS         REF BY
           =====                   =======         ======
           P2REN                   002F 
    -------------------------------------------------------------------------
DATA16_AN
  Relative segment, address: 10FC - 10FC (0x1 bytes), align: 0
  Segment part 18. ROOT       Intra module refs:   PORT2_ISR
                                                   main (main)
           ENTRY                   ADDRESS         REF BY
           =====                   =======         ======
           CALDCO_8MHZ             10FC 
    -------------------------------------------------------------------------
DATA16_AN
  Relative segment, address: 10FD - 10FD (0x1 bytes), align: 0
  Segment part 19. ROOT       Intra module refs:   PORT2_ISR
                                                   Timer_A0_StartPWM (main)
                                                   main (main)
           ENTRY                   ADDRESS         REF BY
           =====                   =======         ======
           CALBC1_8MHZ             10FD 
    -------------------------------------------------------------------------
DATA16_Z
  Relative segment, address: 0338 - 0338 (0x1 bytes), align: 0
  Segment part 23.            Intra module refs:   PORT1_ISR
    -------------------------------------------------------------------------
DATA16_Z
  Relative segment, address: 0339 - 0339 (0x1 bytes), align: 0
  Segment part 24.            Intra module refs:   PORT1_ISR
    -------------------------------------------------------------------------
<CODE> 1 (was CODE)
  Relative segment, address: F0B6 - F13B (0x86 bytes), align: 1
  Segment part 25.            Intra module refs:   PORT1_ISR::??INTVEC 4
           ENTRY                   ADDRESS         REF BY
           =====                   =======         ======
           PORT1_ISR               F0B6 
               interrupt function
               calls direct
    -------------------------------------------------------------------------
<CODE> 1 (was CODE)
  Relative segment, address: F62E - F655 (0x28 bytes), align: 1
  Segment part 26.            Intra module refs:   PORT2_ISR::??INTVEC 6
           ENTRY                   ADDRESS         REF BY
           =====                   =======         ======
           PORT2_ISR               F62E 
               interrupt function
    -------------------------------------------------------------------------
<CODE> 1 (was CODE)
  Relative segment, address: F850 - F869 (0x1a bytes), align: 1
  Segment part 29.            Intra module refs:   GPIO_Init
           ENTRY                   ADDRESS         REF BY
           =====                   =======         ======
           BUT_INT_Init            F850 
    -------------------------------------------------------------------------
<CODE> 1 (was CODE)
  Relative segment, address: F656 - F67B (0x26 bytes), align: 1
  Segment part 30.            Intra module refs:   GPIO_Init
           ENTRY                   ADDRESS         REF BY
           =====                   =======         ======
           INTER_INT_Init          F656 
    -------------------------------------------------------------------------
<CODE> 1 (was CODE)
  Relative segment, address: F81C - F835 (0x1a bytes), align: 1
  Segment part 31.
           ENTRY                   ADDRESS         REF BY
           =====                   =======         ======
           AMP_SetGain             F81C            CalibrationResultAnalise (main)
                                                   main (main)
    -------------------------------------------------------------------------
<CODE> 1 (was CODE)
  Relative segment, address: F232 - F293 (0x62 bytes), align: 1
  Segment part 32.
           ENTRY                   ADDRESS         REF BY
           =====                   =======         ======
           GPIO_Init               F232            main (main)
               calls direct
    -------------------------------------------------------------------------
INTVEC
  Common segment, address: FFE0 - FFE5 (0x6 bytes), align: 1
  Segment part 20. ROOT 
           ENTRY                   ADDRESS         REF BY
           =====                   =======         ======
           PORT1_ISR::??INTVEC 4   FFE4 
    -------------------------------------------------------------------------
INTVEC
  Common segment, address: FFE0 - FFE7 (0x8 bytes), align: 1
  Segment part 21. ROOT 
           ENTRY                   ADDRESS         REF BY
           =====                   =======         ======
           PORT2_ISR::??INTVEC 6   FFE6 

    *************************************************************************

  FILE NAME : E:\_ARTON_PROJ\ARTON-DL3\soft\current\IAR\Release\Obj\main.r43
  PROGRAM MODULE, NAME : main

  SEGMENTS IN THE MODULE
  ======================
DATA16_AN
  Relative segment, address: 0000 - 0000 (0x1 bytes), align: 0
  Segment part 1. ROOT        Intra module refs:   main
           ENTRY                   ADDRESS         REF BY
           =====                   =======         ======
           IE1                     0000 
    -------------------------------------------------------------------------
DATA16_AN
  Relative segment, address: 0002 - 0002 (0x1 bytes), align: 0
  Segment part 2. ROOT        Intra module refs:   main
           ENTRY                   ADDRESS         REF BY
           =====                   =======         ======
           IFG1                    0002 
    -------------------------------------------------------------------------
DATA16_AN
  Relative segment, address: 0049 - 0049 (0x1 bytes), align: 0
  Segment part 3. ROOT        Intra module refs:   ADC_MeasureInit
                                                   ADC_Measure_Simple
           ENTRY                   ADDRESS         REF BY
           =====                   =======         ======
           ADC10DTC1               0049 
    -------------------------------------------------------------------------
DATA16_AN
  Relative segment, address: 004A - 004A (0x1 bytes), align: 0
  Segment part 4. ROOT        Intra module refs:   ADC_MeasureInit
                                                   ADC_Measure_Simple
           ENTRY                   ADDRESS         REF BY
           =====                   =======         ======
           ADC10AE0                004A 
    -------------------------------------------------------------------------
DATA16_AN
  Relative segment, address: 01B0 - 01B1 (0x2 bytes), align: 0
  Segment part 5. ROOT        Intra module refs:   ADC_MeasureInit
                                                   ADC_MeasureStart
                                                   ADC_Measure_Simple
                                                   main
           ENTRY                   ADDRESS         REF BY
           =====                   =======         ======
           ADC10CTL0               01B0 
    -------------------------------------------------------------------------
DATA16_AN
  Relative segment, address: 01B2 - 01B3 (0x2 bytes), align: 0
  Segment part 6. ROOT        Intra module refs:   ADC_MeasureInit
                                                   ADC_Measure_Simple
                                                   main
           ENTRY                   ADDRESS         REF BY
           =====                   =======         ======
           ADC10CTL1               01B2 
    -------------------------------------------------------------------------
DATA16_AN
  Relative segment, address: 01BC - 01BD (0x2 bytes), align: 0
  Segment part 7. ROOT        Intra module refs:   ADC_MeasureStart
                                                   ADC_Measure_Simple
           ENTRY                   ADDRESS         REF BY
           =====                   =======         ======
           ADC10SA                 01BC 
    -------------------------------------------------------------------------
DATA16_AN
  Relative segment, address: 0053 - 0053 (0x1 bytes), align: 0
  Segment part 10. ROOT       Intra module refs:   main
           ENTRY                   ADDRESS         REF BY
           =====                   =======         ======
           BCSCTL3                 0053 
    -------------------------------------------------------------------------
DATA16_AN
  Relative segment, address: 0028 - 0028 (0x1 bytes), align: 0
  Segment part 16. ROOT       Intra module refs:   main
           ENTRY                   ADDRESS         REF BY
           =====                   =======         ======
           P2IN                    0028 
    -------------------------------------------------------------------------
DATA16_AN
  Relative segment, address: 0160 - 0161 (0x2 bytes), align: 0
  Segment part 20. ROOT       Intra module refs:   SoftUART_ResetReceiveByte (soft_uart)
                                                   SoftUART_SetReceiveByte (soft_uart)
                                                   Timer_A0_Off
                                                   Timer_A0_SetDelay
                                                   Timer_A0_StartPWM
                                                   VLO_TimerCalibr
           ENTRY                   ADDRESS         REF BY
           =====                   =======         ======
           TA0CTL                  0160 
    -------------------------------------------------------------------------
DATA16_AN
  Relative segment, address: 0162 - 0163 (0x2 bytes), align: 0
  Segment part 21. ROOT       Intra module refs:   SoftUART_ResetReceiveByte (soft_uart)
                                                   SoftUART_SetReceiveByte (soft_uart)
                                                   Timer_A0_Off
                                                   Timer_A0_SetDelay
                                                   VLO_TimerCalibr
           ENTRY                   ADDRESS         REF BY
           =====                   =======         ======
           TA0CCTL0                0162 
    -------------------------------------------------------------------------
DATA16_AN
  Relative segment, address: 0164 - 0165 (0x2 bytes), align: 0
  Segment part 22. ROOT       Intra module refs:   SoftUART_SetReceiveByte (soft_uart)
                                                   Timer_A0_StartPWM
                                                   VLO_TimerCalibr
           ENTRY                   ADDRESS         REF BY
           =====                   =======         ======
           TA0CCTL1                0164 
    -------------------------------------------------------------------------
DATA16_AN
  Relative segment, address: 0170 - 0171 (0x2 bytes), align: 0
  Segment part 23. ROOT       Intra module refs:   SoftUART_SetReceiveByte (soft_uart)
                                                   Timer_A0_SetDelay
           ENTRY                   ADDRESS         REF BY
           =====                   =======         ======
           TA0R                    0170 
    -------------------------------------------------------------------------
DATA16_AN
  Relative segment, address: 0172 - 0173 (0x2 bytes), align: 0
  Segment part 24. ROOT       Intra module refs:   SoftUART_SetReceiveByte (soft_uart)
                                                   Timer_A0_SetDelay
                                                   Timer_A0_StartPWM
                                                   Timer_A0_StopPWM
                                                   VLO_TimerCalibr
           ENTRY                   ADDRESS         REF BY
           =====                   =======         ======
           TA0CCR0                 0172 
    -------------------------------------------------------------------------
DATA16_AN
  Relative segment, address: 0174 - 0175 (0x2 bytes), align: 0
  Segment part 25. ROOT       Intra module refs:   Timer_A0_SetDelay
                                                   Timer_A0_StartPWM
           ENTRY                   ADDRESS         REF BY
           =====                   =======         ======
           TA0CCR1                 0174 
    -------------------------------------------------------------------------
DATA16_AN
  Relative segment, address: 0180 - 0181 (0x2 bytes), align: 0
  Segment part 26. ROOT       Intra module refs:   Timer_A1_Init
           ENTRY                   ADDRESS         REF BY
           =====                   =======         ======
           TA1CTL                  0180 
    -------------------------------------------------------------------------
DATA16_AN
  Relative segment, address: 0182 - 0183 (0x2 bytes), align: 0
  Segment part 27. ROOT       Intra module refs:   Timer_A1_Init
           ENTRY                   ADDRESS         REF BY
           =====                   =======         ======
           TA1CCTL0                0182 
    -------------------------------------------------------------------------
DATA16_AN
  Relative segment, address: 0190 - 0191 (0x2 bytes), align: 0
  Segment part 28. ROOT       Intra module refs:   Timer_A1_Init
           ENTRY                   ADDRESS         REF BY
           =====                   =======         ======
           TA1R                    0190 
    -------------------------------------------------------------------------
DATA16_AN
  Relative segment, address: 0192 - 0193 (0x2 bytes), align: 0
  Segment part 29. ROOT       Intra module refs:   Timer_A1_Init
                                                   main
           ENTRY                   ADDRESS         REF BY
           =====                   =======         ======
           TA1CCR0                 0192 
    -------------------------------------------------------------------------
DATA16_AN
  Relative segment, address: 0120 - 0121 (0x2 bytes), align: 0
  Segment part 30. ROOT       Intra module refs:   main
           ENTRY                   ADDRESS         REF BY
           =====                   =======         ======
           WDTCTL                  0120 
    -------------------------------------------------------------------------
DATA16_AN
  Relative segment, address: 10F8 - 10F8 (0x1 bytes), align: 0
  Segment part 31. ROOT       Intra module refs:   main
           ENTRY                   ADDRESS         REF BY
           =====                   =======         ======
           CALDCO_16MHZ            10F8 
    -------------------------------------------------------------------------
DATA16_AN
  Relative segment, address: 10F9 - 10F9 (0x1 bytes), align: 0
  Segment part 32. ROOT       Intra module refs:   main
           ENTRY                   ADDRESS         REF BY
           =====                   =======         ======
           CALBC1_16MHZ            10F9 
    -------------------------------------------------------------------------
DATA16_AN
  Relative segment, address: 10FE - 10FE (0x1 bytes), align: 0
  Segment part 35. ROOT       Intra module refs:   main
           ENTRY                   ADDRESS         REF BY
           =====                   =======         ======
           CALDCO_1MHZ             10FE 
    -------------------------------------------------------------------------
DATA16_AN
  Relative segment, address: 10FF - 10FF (0x1 bytes), align: 0
  Segment part 36. ROOT       Intra module refs:   Timer_A0_StartPWM
                                                   main
           ENTRY                   ADDRESS         REF BY
           =====                   =======         ======
           CALBC1_1MHZ             10FF 
    -------------------------------------------------------------------------
REGVAR_AN
  Relative segment, address: REGISTER 0008 - 0009 (0x2 bytes), align: 0
  Segment part 37. ROOT       Intra module refs:   ADC10_ISR
                                                   ADC_Measure_Simple
                                                   CCR0_ISR
                                                   Timer_A0_Off
                                                   Timer_A0_SetDelay
                                                   Timer_A0_StartPWM
                                                   Timer_A0_StopPWM
                                                   VLO_TimerCalibr
                                                   main
                                                   watchdog_timer
           ENTRY                   ADDRESS         REF BY
           =====                   =======         ======
           f                       0008            PORT1_ISR (hardware)
                                                   PORT2_ISR (hardware)
                                                   SoftUART_ResetReceiveByte (soft_uart)
                                                   SoftUART_RxParse (soft_uart)
                                                   SoftUART_SendByte (soft_uart)
                                                   SoftUART_SetReceiveByte (soft_uart)
    -------------------------------------------------------------------------
DATA16_Z
  Relative segment, address: 0204 - 0205 (0x2 bytes), align: 1
  Segment part 46.            Intra module refs:   main
           ENTRY                   ADDRESS         REF BY
           =====                   =======         ======
           timerMain               0204 
    -------------------------------------------------------------------------
DATA16_Z
  Relative segment, address: 0206 - 0207 (0x2 bytes), align: 1
  Segment part 47.            Intra module refs:   main
           ENTRY                   ADDRESS         REF BY
           =====                   =======         ======
           timerKeyDown            0206 
    -------------------------------------------------------------------------
DATA16_Z
  Relative segment, address: 033A - 033A (0x1 bytes), align: 0
  Segment part 49.            Intra module refs:   CalibrationResultAnalise
                                                   FaultSignalManager
                                                   SetFaultMode
                                                   SignalAnalysis
                                                   main
           ENTRY                   ADDRESS         REF BY
           =====                   =======         ======
           DeviceMode              033A 
    -------------------------------------------------------------------------
DATA16_Z
  Relative segment, address: 033B - 033B (0x1 bytes), align: 0
  Segment part 50.            Intra module refs:   main
           ENTRY                   ADDRESS         REF BY
           =====                   =======         ======
           prevDeviceMode          033B 
    -------------------------------------------------------------------------
DATA16_Z
  Relative segment, address: 033C - 033C (0x1 bytes), align: 0
  Segment part 51.            Intra module refs:   DeviceDiagnostics
                                                   DeviceStart
                                                   FaultSignalManager
                                                   main
           ENTRY                   ADDRESS         REF BY
           =====                   =======         ======
           DeviceFault             033C            SoftUART_RxParse (soft_uart)
    -------------------------------------------------------------------------
DATA16_Z
  Relative segment, address: 033D - 033D (0x1 bytes), align: 0
  Segment part 52.            Intra module refs:   main
           ENTRY                   ADDRESS         REF BY
           =====                   =======         ======
           prevDeviceFault         033D 
    -------------------------------------------------------------------------
DATA16_Z
  Relative segment, address: 033E - 033E (0x1 bytes), align: 0
  Segment part 53.            Intra module refs:   CalibrationResultAnalise
                                                   DeviceStart
                                                   FaultSignalManager
                                                   main
           ENTRY                   ADDRESS         REF BY
           =====                   =======         ======
           CalibrFault             033E 
    -------------------------------------------------------------------------
DATA16_Z
  Relative segment, address: 0208 - 0209 (0x2 bytes), align: 1
  Segment part 54.
           ENTRY                   ADDRESS         REF BY
           =====                   =======         ======
           dark                    0208            SoftUART_RxParse (soft_uart)
    -------------------------------------------------------------------------
DATA16_Z
  Relative segment, address: 020A - 020B (0x2 bytes), align: 1
  Segment part 55.            Intra module refs:   LedTestValueManager
                                                   SignalAnalysis
                                                   main
           ENTRY                   ADDRESS         REF BY
           =====                   =======         ======
           delta                   020A            SoftUART_RxParse (soft_uart)
    -------------------------------------------------------------------------
DATA16_Z
  Relative segment, address: 020C - 020D (0x2 bytes), align: 1
  Segment part 56.            Intra module refs:   main
           ENTRY                   ADDRESS         REF BY
           =====                   =======         ======
           delta_last              020C 
    -------------------------------------------------------------------------
DATA16_Z
  Relative segment, address: 020E - 020F (0x2 bytes), align: 1
  Segment part 57.            Intra module refs:   main
           ENTRY                   ADDRESS         REF BY
           =====                   =======         ======
           zero_timer              020E 
    -------------------------------------------------------------------------
DATA16_Z
  Relative segment, address: 0210 - 0211 (0x2 bytes), align: 1
  Segment part 59.            Intra module refs:   ClearDriftVar
                                                   main
           ENTRY                   ADDRESS         REF BY
           =====                   =======         ======
           DriftCounter            0210 
    -------------------------------------------------------------------------
DATA16_Z
  Relative segment, address: 0212 - 0215 (0x4 bytes), align: 1
  Segment part 60.            Intra module refs:   ClearDriftVar
                                                   main
           ENTRY                   ADDRESS         REF BY
           =====                   =======         ======
           DriftSumma              0212 
    -------------------------------------------------------------------------
DATA16_Z
  Relative segment, address: 0216 - 0219 (0x4 bytes), align: 1
  Segment part 61.            Intra module refs:   ClearDriftVar
                                                   main
           ENTRY                   ADDRESS         REF BY
           =====                   =======         ======
           DriftLevel              0216 
    -------------------------------------------------------------------------
DATA16_Z
  Relative segment, address: 033F - 033F (0x1 bytes), align: 0
  Segment part 63.            Intra module refs:   main
                                                   watchdog_timer
           ENTRY                   ADDRESS         REF BY
           =====                   =======         ======
           Timer50msCounter        033F 
    -------------------------------------------------------------------------
DATA16_Z
  Relative segment, address: 021A - 02E1 (0xc8 bytes), align: 1
  Segment part 64.            Intra module refs:   ADC_MeasureStart
                                                   SignalAnalysis
                                                   main
           ENTRY                   ADDRESS         REF BY
           =====                   =======         ======
           signal_array            021A            Segment part 7 (flash)
                                                   SoftUART_RxParse (soft_uart)
    -------------------------------------------------------------------------
DATA16_Z
  Relative segment, address: 02E2 - 02E5 (0x4 bytes), align: 1
  Segment part 65.            Intra module refs:   FaultSignalManager
                                                   LedTestValueManager
                                                   main
           ENTRY                   ADDRESS         REF BY
           =====                   =======         ======
           led_r                   02E2 
    -------------------------------------------------------------------------
DATA16_Z
  Relative segment, address: 02E6 - 02E9 (0x4 bytes), align: 1
  Segment part 66.            Intra module refs:   FaultSignalManager
                                                   LedTestValueManager
                                                   main
           ENTRY                   ADDRESS         REF BY
           =====                   =======         ======
           led_y                   02E6 
    -------------------------------------------------------------------------
DATA16_Z
  Relative segment, address: 02EA - 02ED (0x4 bytes), align: 1
  Segment part 67.            Intra module refs:   main
           ENTRY                   ADDRESS         REF BY
           =====                   =======         ======
           led_sh                  02EA 
    -------------------------------------------------------------------------
DATA16_Z
  Relative segment, address: 0340 - 0340 (0x1 bytes), align: 0
  Segment part 68.            Intra module refs:   Timer_A1_ISR
                                                   main
           ENTRY                   ADDRESS         REF BY
           =====                   =======         ======
           fTimerA1_On             0340 
    -------------------------------------------------------------------------
DATA16_Z
  Relative segment, address: 0341 - 0341 (0x1 bytes), align: 0
  Segment part 69.            Intra module refs:   main
           ENTRY                   ADDRESS         REF BY
           =====                   =======         ======
           calibr_stage            0341 
    -------------------------------------------------------------------------
DATA16_Z
  Relative segment, address: 02EE - 02F9 (0xc bytes), align: 1
  Segment part 70.            Intra module refs:   CalibrationResultAnalise
                                                   main
           ENTRY                   ADDRESS         REF BY
           =====                   =======         ======
           s_array                 02EE 
    -------------------------------------------------------------------------
DATA16_Z
  Relative segment, address: 0342 - 0347 (0x6 bytes), align: 0
  Segment part 71.            Intra module refs:   CalibrationResultAnalise
                                                   main
           ENTRY                   ADDRESS         REF BY
           =====                   =======         ======
           q_array                 0342 
    -------------------------------------------------------------------------
DATA16_C
  Relative segment, address: E000 - E011 (0x12 bytes), align: 0
  Segment part 72.            Intra module refs:   CalibrationResultAnalise
                                                   main
           ENTRY                   ADDRESS         REF BY
           =====                   =======         ======
           calibr_sequence         E000 
    -------------------------------------------------------------------------
DATA16_C
  Relative segment, address: E012 - E019 (0x8 bytes), align: 0
  Segment part 73.            Intra module refs:   main
           ENTRY                   ADDRESS         REF BY
           =====                   =======         ======
           fault_sequence          E012 
    -------------------------------------------------------------------------
DATA16_Z
  Relative segment, address: 0348 - 0348 (0x1 bytes), align: 0
  Segment part 74.            Intra module refs:   main
           ENTRY                   ADDRESS         REF BY
           =====                   =======         ======
           fault_chain_ind         0348 
    -------------------------------------------------------------------------
DATA16_Z
  Relative segment, address: 02FA - 02FB (0x2 bytes), align: 1
  Segment part 75.            Intra module refs:   main
           ENTRY                   ADDRESS         REF BY
           =====                   =======         ======
           fault_chain_timer       02FA 
    -------------------------------------------------------------------------
DATA16_Z
  Relative segment, address: 0349 - 0349 (0x1 bytes), align: 0
  Segment part 76.            Intra module refs:   ADC_SetParam
                                                   CalibrationResultAnalise
                                                   main
           ENTRY                   ADDRESS         REF BY
           =====                   =======         ======
           gain                    0349 
    -------------------------------------------------------------------------
DATA16_Z
  Relative segment, address: 034A - 034A (0x1 bytes), align: 0
  Segment part 77.            Intra module refs:   ADC_SetParam
                                                   CalibrationResultAnalise
                                                   SignalAnalysis
                                                   main
           ENTRY                   ADDRESS         REF BY
           =====                   =======         ======
           amp_no                  034A 
    -------------------------------------------------------------------------
DATA16_Z
  Relative segment, address: 034B - 034B (0x1 bytes), align: 0
  Segment part 78.            Intra module refs:   ADC_SetParam
                                                   CalibrationResultAnalise
                                                   main
           ENTRY                   ADDRESS         REF BY
           =====                   =======         ======
           reference               034B 
    -------------------------------------------------------------------------
DATA16_Z
  Relative segment, address: 02FC - 02FD (0x2 bytes), align: 1
  Segment part 79.            Intra module refs:   CalibrationResultAnalise
                                                   main
           ENTRY                   ADDRESS         REF BY
           =====                   =======         ======
           cfg_reg                 02FC 
    -------------------------------------------------------------------------
DATA16_I
  Relative segment, address: 0202 - 0202 (0x1 bytes), align: 0
  Segment part 80.            Intra module refs:   JP1_Define
                                                   main
           ENTRY                   ADDRESS         REF BY
           =====                   =======         ======
           jp1_state               0202 
    -------------------------------------------------------------------------
DATA16_Z
  Relative segment, address: 034C - 034C (0x1 bytes), align: 0
  Segment part 82.            Intra module refs:   ADC10_ISR
                                                   ADC_MeasureStart
                                                   ADC_Measure_Simple
           ENTRY                   ADDRESS         REF BY
           =====                   =======         ======
           adc_process             034C 
    -------------------------------------------------------------------------
DATA16_Z
  Relative segment, address: 02FE - 02FF (0x2 bytes), align: 1
  Segment part 83.            Intra module refs:   main
           ENTRY                   ADDRESS         REF BY
           =====                   =======         ======
           light_timer             02FE 
    -------------------------------------------------------------------------
DATA16_Z
  Relative segment, address: 034D - 034D (0x1 bytes), align: 0
  Segment part 84.            Intra module refs:   main
           ENTRY                   ADDRESS         REF BY
           =====                   =======         ======
           light_sync              034D 
    -------------------------------------------------------------------------
DATA16_Z
  Relative segment, address: 0300 - 0301 (0x2 bytes), align: 1
  Segment part 85.            Intra module refs:   main
           ENTRY                   ADDRESS         REF BY
           =====                   =======         ======
           strob_pulse_timer       0300 
    -------------------------------------------------------------------------
DATA16_Z
  Relative segment, address: 0302 - 0303 (0x2 bytes), align: 1
  Segment part 87.            Intra module refs:   main
           ENTRY                   ADDRESS         REF BY
           =====                   =======         ======
           hi_signal_counter       0302 
    -------------------------------------------------------------------------
DATA16_Z
  Relative segment, address: 0304 - 0305 (0x2 bytes), align: 1
  Segment part 88.            Intra module refs:   FaultSignalManager
                                                   SetFaultMode
                                                   main
           ENTRY                   ADDRESS         REF BY
           =====                   =======         ======
           fault_timer             0304 
    -------------------------------------------------------------------------
DATA16_Z
  Relative segment, address: 034E - 034E (0x1 bytes), align: 0
  Segment part 89.            Intra module refs:   FaultSignalManager
                                                   SetFaultMode
                                                   main
           ENTRY                   ADDRESS         REF BY
           =====                   =======         ======
           fault_phase             034E 
    -------------------------------------------------------------------------
DATA16_Z
  Relative segment, address: 0306 - 0307 (0x2 bytes), align: 1
  Segment part 90.            Intra module refs:   main
           ENTRY                   ADDRESS         REF BY
           =====                   =======         ======
           start_timer             0306 
    -------------------------------------------------------------------------
DATA16_Z
  Relative segment, address: 0308 - 0309 (0x2 bytes), align: 1
  Segment part 91.            Intra module refs:   main
           ENTRY                   ADDRESS         REF BY
           =====                   =======         ======
           flash_period_timer      0308 
    -------------------------------------------------------------------------
DATA16_Z
  Relative segment, address: 030A - 030B (0x2 bytes), align: 1
  Segment part 92.            Intra module refs:   SignalAnalysis
                                                   main
           ENTRY                   ADDRESS         REF BY
           =====                   =======         ======
           PWM_period              030A 
    -------------------------------------------------------------------------
<CODE> 1 (was CODE)
  Relative segment, address: F44E - F491 (0x44 bytes), align: 1
  Segment part 101.           Intra module refs:   DeviceStart
           ENTRY                   ADDRESS         REF BY
           =====                   =======         ======
           VLO_TimerCalibr         F44E            SoftUART_RxParse (soft_uart)
               calls direct
    -------------------------------------------------------------------------
<CODE> 1 (was CODE)
  Relative segment, address: F912 - F927 (0x16 bytes), align: 1
  Segment part 102.           Intra module refs:   DeviceStart
                                                   SetLevels
                                                   SetLevelsFromCalibr
                                                   SetLimitCompens
                                                   main
           ENTRY                   ADDRESS         REF BY
           =====                   =======         ======
           ClearDriftVar           F912 
    -------------------------------------------------------------------------
<CODE> 1 (was CODE)
  Relative segment, address: F89A - F8B1 (0x18 bytes), align: 1
  Segment part 103.           Intra module refs:   CalibrationResultAnalise
           ENTRY                   ADDRESS         REF BY
           =====                   =======         ======
           SetLimitCompens         F89A            SoftUART_RxParse (soft_uart)
               calls direct
    -------------------------------------------------------------------------
<CODE> 1 (was CODE)
  Relative segment, address: F294 - F2F1 (0x5e bytes), align: 1
  Segment part 104.           Intra module refs:   main
           ENTRY                   ADDRESS         REF BY
           =====                   =======         ======
           SetLevels               F294            SoftUART_RxParse (soft_uart)
               calls direct
    -------------------------------------------------------------------------
<CODE> 1 (was CODE)
  Relative segment, address: EF88 - F029 (0xa2 bytes), align: 1
  Segment part 105.           Intra module refs:   CalibrationResultAnalise
           ENTRY                   ADDRESS         REF BY
           =====                   =======         ======
           SetLevelsFromCalibr     EF88 
               calls direct
    -------------------------------------------------------------------------
<CODE> 1 (was CODE)
  Relative segment, address: F9C0 - F9CF (0x10 bytes), align: 1
  Segment part 106.           Intra module refs:   main
           ENTRY                   ADDRESS         REF BY
           =====                   =======         ======
           DeviceStart             F9C0 
               calls direct
    -------------------------------------------------------------------------
<CODE> 1 (was CODE)
  Relative segment, address: FA1C - FA27 (0xc bytes), align: 1
  Segment part 107.           Intra module refs:   main
           ENTRY                   ADDRESS         REF BY
           =====                   =======         ======
           getZeroLevel            FA1C 
               calls direct
    -------------------------------------------------------------------------
<CODE> 1 (was CODE)
  Relative segment, address: F790 - F7AD (0x1e bytes), align: 1
  Segment part 108.           Intra module refs:   main
           LOCAL                   ADDRESS         
           =====                   =======         
           getTimerValue           F790 
    -------------------------------------------------------------------------
<CODE> 1 (was CODE)
  Relative segment, address: F350 - F3AB (0x5c bytes), align: 1
  Segment part 111.           Intra module refs:   main
           ENTRY                   ADDRESS         REF BY
           =====                   =======         ======
           ADC_MeasureInit         F350 
               calls direct
    -------------------------------------------------------------------------
<CODE> 1 (was CODE)
  Relative segment, address: F86A - F881 (0x18 bytes), align: 1
  Segment part 112.           Intra module refs:   main
           ENTRY                   ADDRESS         REF BY
           =====                   =======         ======
           ADC_MeasureStart        F86A 
    -------------------------------------------------------------------------
DATA16_C
  Relative segment, address: E01A - E02B (0x12 bytes), align: 0
  Segment part 95.            Intra module refs:   fir_filter
           ENTRY                   ADDRESS         REF BY
           =====                   =======         ======
           FIRCoef                 E01A 
    -------------------------------------------------------------------------
DATA16_Z
  Relative segment, address: 030C - 032F (0x24 bytes), align: 1
  Segment part 96.            Intra module refs:   SignalAnalysis
                                                   fir_filter
    -------------------------------------------------------------------------
<CODE> 1 (was CODE)
  Relative segment, address: F1C0 - F231 (0x72 bytes), align: 1
  Segment part 114.           Intra module refs:   SignalAnalysis
           ENTRY                   ADDRESS         REF BY
           =====                   =======         ======
           fir_filter              F1C0 
               calls direct
    -------------------------------------------------------------------------
DATA16_Z
  Relative segment, address: 0330 - 0331 (0x2 bytes), align: 1
  Segment part 97.            Intra module refs:   SignalAnalysis
           ENTRY                   ADDRESS         REF BY
           =====                   =======         ======
           d1                      0330 
    -------------------------------------------------------------------------
DATA16_Z
  Relative segment, address: 0332 - 0333 (0x2 bytes), align: 1
  Segment part 98.            Intra module refs:   SignalAnalysis
           ENTRY                   ADDRESS         REF BY
           =====                   =======         ======
           d2                      0332 
    -------------------------------------------------------------------------
DATA16_Z
  Relative segment, address: 0334 - 0335 (0x2 bytes), align: 1
  Segment part 99.            Intra module refs:   SignalAnalysis
           ENTRY                   ADDRESS         REF BY
           =====                   =======         ======
           d3                      0334 
    -------------------------------------------------------------------------
DATA16_Z
  Relative segment, address: 0336 - 0337 (0x2 bytes), align: 1
  Segment part 100.           Intra module refs:   SignalAnalysis
           ENTRY                   ADDRESS         REF BY
           =====                   =======         ======
           d4                      0336 
    -------------------------------------------------------------------------
<CODE> 1 (was CODE)
  Relative segment, address: E9D4 - EC19 (0x246 bytes), align: 1
  Segment part 115.           Intra module refs:   main
           ENTRY                   ADDRESS         REF BY
           =====                   =======         ======
           SignalAnalysis          E9D4 
               calls direct
    -------------------------------------------------------------------------
<CODE> 1 (was CODE)
  Relative segment, address: F604 - F62D (0x2a bytes), align: 1
  Segment part 116.           Intra module refs:   main
           ENTRY                   ADDRESS         REF BY
           =====                   =======         ======
           Timer_A0_SetDelay       F604 
    -------------------------------------------------------------------------
<CODE> 1 (was CODE)
  Relative segment, address: F2F2 - F34F (0x5e bytes), align: 1
  Segment part 117.           Intra module refs:   main
           ENTRY                   ADDRESS         REF BY
           =====                   =======         ======
           Timer_A0_StartPWM       F2F2 
               calls direct
    -------------------------------------------------------------------------
<CODE> 1 (was CODE)
  Relative segment, address: F802 - F81B (0x1a bytes), align: 1
  Segment part 118.           Intra module refs:   main
           ENTRY                   ADDRESS         REF BY
           =====                   =======         ======
           Timer_A0_StopPWM        F802 
    -------------------------------------------------------------------------
<CODE> 1 (was CODE)
  Relative segment, address: F7CC - F7E7 (0x1c bytes), align: 1
  Segment part 121.           Intra module refs:   main
           ENTRY                   ADDRESS         REF BY
           =====                   =======         ======
           Timer_A1_Init           F7CC 
    -------------------------------------------------------------------------
<CODE> 1 (was CODE)
  Relative segment, address: F7AE - F7CB (0x1e bytes), align: 1
  Segment part 122.           Intra module refs:   main
           ENTRY                   ADDRESS         REF BY
           =====                   =======         ======
           Timer_A0_Off            F7AE 
    -------------------------------------------------------------------------
<CODE> 1 (was CODE)
  Relative segment, address: F882 - F899 (0x18 bytes), align: 1
  Segment part 123.           Intra module refs:   main
           ENTRY                   ADDRESS         REF BY
           =====                   =======         ======
           SetFaultMode            F882 
    -------------------------------------------------------------------------
<CODE> 1 (was CODE)
  Relative segment, address: EDBE - EECF (0x112 bytes), align: 1
  Segment part 124.           Intra module refs:   main
           ENTRY                   ADDRESS         REF BY
           =====                   =======         ======
           FaultSignalManager      EDBE 
    -------------------------------------------------------------------------
<CODE> 1 (was CODE)
  Relative segment, address: F13C - F1BF (0x84 bytes), align: 1
  Segment part 125.           Intra module refs:   main
           ENTRY                   ADDRESS         REF BY
           =====                   =======         ======
           LedTestValueManager     F13C 
    -------------------------------------------------------------------------
<CODE> 1 (was CODE)
  Relative segment, address: F6A2 - F6C5 (0x24 bytes), align: 1
  Segment part 126.           Intra module refs:   main
           ENTRY                   ADDRESS         REF BY
           =====                   =======         ======
           ADC_SetParam            F6A2 
    -------------------------------------------------------------------------
<CODE> 1 (was CODE)
  Relative segment, address: EC1A - EDBD (0x1a4 bytes), align: 1
  Segment part 127.           Intra module refs:   main
           ENTRY                   ADDRESS         REF BY
           =====                   =======         ======
           CalibrationResultAnalise
                                   EC1A 
               calls direct
    -------------------------------------------------------------------------
<CODE> 1 (was CODE)
  Relative segment, address: E060 - E9D3 (0x974 bytes), align: 1
  Segment part 132.
           ENTRY                   ADDRESS         REF BY
           =====                   =======         ======
           main                    E060            Segment part 18 (?cstart)
               calls direct
    -------------------------------------------------------------------------
<CODE> 1 (was CODE)
  Relative segment, address: F97A - F98B (0x12 bytes), align: 1
  Segment part 133.           Intra module refs:   watchdog_timer::??INTVEC 20
           ENTRY                   ADDRESS         REF BY
           =====                   =======         ======
           watchdog_timer          F97A 
               interrupt function
    -------------------------------------------------------------------------
<CODE> 1 (was CODE)
  Relative segment, address: FA50 - FA53 (0x4 bytes), align: 1
  Segment part 134.           Intra module refs:   CCR0_ISR::??INTVEC 18
           ENTRY                   ADDRESS         REF BY
           =====                   =======         ======
           CCR0_ISR                FA50 
               interrupt function
    -------------------------------------------------------------------------
<CODE> 1 (was CODE)
  Relative segment, address: FA32 - FA39 (0x8 bytes), align: 1
  Segment part 135.           Intra module refs:   CCR_ISR::??INTVEC 16
           ENTRY                   ADDRESS         REF BY
           =====                   =======         ======
           CCR_ISR                 FA32 
               interrupt function
    -------------------------------------------------------------------------
<CODE> 1 (was CODE)
  Relative segment, address: FA3A - FA3F (0x6 bytes), align: 1
  Segment part 136.           Intra module refs:   Timer_A1_ISR::??INTVEC 26
           ENTRY                   ADDRESS         REF BY
           =====                   =======         ======
           Timer_A1_ISR            FA3A 
               interrupt function
    -------------------------------------------------------------------------
<CODE> 1 (was CODE)
  Relative segment, address: F540 - F575 (0x36 bytes), align: 1
  Segment part 131.           Intra module refs:   main
           ENTRY                   ADDRESS         REF BY
           =====                   =======         ======
           Led_Flash               F540 
               calls direct
    -------------------------------------------------------------------------
<CODE> 1 (was CODE)
  Relative segment, address: FA28 - FA31 (0xa bytes), align: 1
  Segment part 139.           Intra module refs:   ADC10_ISR::??INTVEC 10
           ENTRY                   ADDRESS         REF BY
           =====                   =======         ======
           ADC10_ISR               FA28 
               interrupt function
    -------------------------------------------------------------------------
<CODE> 1 (was CODE)
  Relative segment, address: F772 - F78F (0x1e bytes), align: 1
  Segment part 128.           Intra module refs:   ADC_Measure_Simple
                                                   SignalAnalysis
           ENTRY                   ADDRESS         REF BY
           =====                   =======         ======
           AverageData             F772 
               calls direct
    -------------------------------------------------------------------------
<CODE> 1 (was CODE)
  Relative segment, address: F732 - F751 (0x20 bytes), align: 1
  Segment part 140.
           ENTRY                   ADDRESS         REF BY
           =====                   =======         ======
           DeviceDiagnostics       F732            SoftUART_RxParse (soft_uart)
               calls direct
    -------------------------------------------------------------------------
<CODE> 1 (was CODE)
  Relative segment, address: F02A - F0B5 (0x8c bytes), align: 1
  Segment part 129.           Intra module refs:   JP1_Define
           ENTRY                   ADDRESS         REF BY
           =====                   =======         ======
           ADC_Measure_Simple      F02A 
               calls direct
    -------------------------------------------------------------------------
<CODE> 1 (was CODE)
  Relative segment, address: F6EA - F70D (0x24 bytes), align: 1
  Segment part 130.           Intra module refs:   main
           ENTRY                   ADDRESS         REF BY
           =====                   =======         ======
           JP1_Define              F6EA 
               calls direct
    -------------------------------------------------------------------------
INTVEC
  Common segment, address: FFE0 - FFEB (0xc bytes), align: 1
  Segment part 38. ROOT 
           ENTRY                   ADDRESS         REF BY
           =====                   =======         ======
           ADC10_ISR::??INTVEC 10
                                   FFEA 
    -------------------------------------------------------------------------
INTVEC
  Common segment, address: FFE0 - FFF1 (0x12 bytes), align: 1
  Segment part 39. ROOT 
           ENTRY                   ADDRESS         REF BY
           =====                   =======         ======
           CCR_ISR::??INTVEC 16    FFF0 
    -------------------------------------------------------------------------
INTVEC
  Common segment, address: FFE0 - FFF3 (0x14 bytes), align: 1
  Segment part 40. ROOT 
           ENTRY                   ADDRESS         REF BY
           =====                   =======         ======
           CCR0_ISR::??INTVEC 18   FFF2 
    -------------------------------------------------------------------------
INTVEC
  Common segment, address: FFE0 - FFF5 (0x16 bytes), align: 1
  Segment part 41. ROOT 
           ENTRY                   ADDRESS         REF BY
           =====                   =======         ======
           watchdog_timer::??INTVEC 20
                                   FFF4 
    -------------------------------------------------------------------------
INTVEC
  Common segment, address: FFE0 - FFFB (0x1c bytes), align: 1
  Segment part 42. ROOT 
           ENTRY                   ADDRESS         REF BY
           =====                   =======         ======
           Timer_A1_ISR::??INTVEC 26
                                   FFFA 
    -------------------------------------------------------------------------
DATA16_ID
  Relative segment, address: E036 - E036 (0x1 bytes), align: 0
  Segment part 81.            Intra module refs:   jp1_state

    *************************************************************************

  FILE NAME : E:\_ARTON_PROJ\ARTON-DL3\soft\current\IAR\Release\Obj\soft_uart.r43
  PROGRAM MODULE, NAME : soft_uart

  SEGMENTS IN THE MODULE
  ======================
DATA16_Z
  Relative segment, address: 034F - 034F (0x1 bytes), align: 0
  Segment part 13.
           ENTRY                   ADDRESS         REF BY
           =====                   =======         ======
           uart_timer              034F            main (main)
    -------------------------------------------------------------------------
DATA16_Z
  Relative segment, address: 0350 - 0377 (0x28 bytes), align: 0
  Segment part 14.            Intra module refs:   SoftUART_RxParse
           ENTRY                   ADDRESS         REF BY
[...]
           ENTRY                   ADDRESS         REF BY
           =====                   =======         ======
           SoftUART_ResetReceiveByte
                                   F8CA            main (main)
    -------------------------------------------------------------------------
<CODE> 1 (was CODE)
  Relative segment, address: F67C - F6A1 (0x26 bytes), align: 1
  Segment part 23.            Intra module refs:   SoftUART_RxParse
           ENTRY                   ADDRESS         REF BY
           =====                   =======         ======
           SoftUART_TxString       F67C            main (main)
               calls direct
    -------------------------------------------------------------------------
<CODE> 1 (was CODE)
  Relative segment, address: EED0 - EF87 (0xb8 bytes), align: 1
  Segment part 25.
           ENTRY                   ADDRESS         REF BY
           =====                   =======         ======
           SoftUART_RxParse        EED0            main (main)
               calls direct and indirect

    *************************************************************************

  FILE NAME : C:\Program Files (x86)\IAR Systems\Embedded Workbench 7.3\430\lib\clib\cl430f.r43
  LIBRARY MODULE, NAME : ?_exit

  SEGMENTS IN THE MODULE
  ======================
<CODE> 1 (was CODE)
  Relative segment, address: FA48, align: 1
  Segment part 0.
           ENTRY                   ADDRESS         REF BY
           =====                   =======         ======
           _exit                   FA48            exit (?clibexit)
    -------------------------------------------------------------------------
<CODE> 1 (was CODE)
  Relative segment, address: FA48 - FA4B (0x4 bytes), align: 1
  Segment part 6.             Intra module refs:   _exit

    -------------------------------------------------------------------------
  LIBRARY MODULE, NAME : ?clibexit

  SEGMENTS IN THE MODULE
  ======================
<CODE> 1 (was CODE)
  Relative segment, address: FA4C - FA4F (0x4 bytes), align: 1
  Segment part 2.
           ENTRY                   ADDRESS         REF BY
           =====                   =======         ======
           exit                    FA4C            Segment part 18 (?cstart)
               calls direct

    -------------------------------------------------------------------------
  LIBRARY MODULE, NAME : ?__exit

  SEGMENTS IN THE MODULE
  ======================
<CODE> 1 (was CODE)
  Relative segment, address: FA54 - FA55 (0x2 bytes), align: 1
  Segment part 0.
           ENTRY                   ADDRESS         REF BY
           =====                   =======         ======
           __exit                  FA54            Segment part 6 (?_exit)
                                                   _exit (?_exit)
           ?C_EXIT                 FA54 

    -------------------------------------------------------------------------
  LIBRARY MODULE, NAME : ?cstart

  SEGMENTS IN THE MODULE
  ======================
CSTACK
  Relative segment, address: 03B0, align: 1
  Segment part 1.
    -------------------------------------------------------------------------
DATA16_Z
  Relative segment, address: 0338, align: 1
  Segment part 2.
    -------------------------------------------------------------------------
DATA16_I
  Relative segment, address: 0202, align: 1
  Segment part 3.
    -------------------------------------------------------------------------
DATA16_ID
  Relative segment, address: E036, align: 1
  Segment part 4.
    -------------------------------------------------------------------------
CSTART
  Relative segment, address: E038 - E03B (0x4 bytes), align: 1
  Segment part 9.
           ENTRY                   ADDRESS         REF BY
           =====                   =======         ======
           __program_start         E038            ?reset_vector (?reset_vector)
                                                   Absolute parts (?ABS_ENTRY_MOD)
           ?cstart_begin           E038 
    -------------------------------------------------------------------------
CSTART
  Relative segment, address: E03C - E047 (0xc bytes), align: 1
  Segment part 13.
           ENTRY                   ADDRESS         REF BY
           =====                   =======         ======
           ?cstart_init_zero       E03C            CalibrFault (main)
                                                   DeviceFault (main)
                                                   DeviceMode (main)
                                                   DriftCounter (main)
                                                   DriftLevel (main)
                                                   DriftSumma (main)
                                                   PWM_period (main)
                                                   Segment part 23 (hardware)
                                                   Segment part 24 (hardware)
                                                   Segment part 96 (main)
                                                   Timer50msCounter (main)
                                                   adc_process (main)
                                                   amp_no (main)
                                                   calibr_stage (main)
                                                   cfg_reg (main)
                                                   d1 (main)
                                                   d2 (main)
                                                   d3 (main)
                                                   d4 (main)
                                                   dark (main)
                                                   delta (main)
                                                   delta_last (main)
                                                   fTimerA1_On (main)
                                                   fault_chain_ind (main)
                                                   fault_chain_timer (main)
                                                   fault_phase (main)
                                                   fault_timer (main)
                                                   flash_period_timer (main)
                                                   gain (main)
                                                   hi_signal_counter (main)
                                                   led_r (main)
                                                   led_sh (main)
                                                   led_y (main)
                                                   light_sync (main)
                                                   light_timer (main)
                                                   prevDeviceFault (main)
                                                   prevDeviceMode (main)
                                                   q_array (main)
                                                   reference (main)
                                                   s_array (main)
                                                   signal_array (main)
                                                   start_timer (main)
                                                   strob_pulse_timer (main)
                                                   timerKeyDown (main)
                                                   timerMain (main)
                                                   uart_rx_buf (soft_uart)
                                                   uart_rx_ind (soft_uart)
                                                   uart_timer (soft_uart)
                                                   zero_timer (main)
    -------------------------------------------------------------------------
CSTART
  Relative segment, address: E048 - E057 (0x10 bytes), align: 1
  Segment part 14.
           ENTRY                   ADDRESS         REF BY
           =====                   =======         ======
           ?cstart_init_copy       E048            SegCBackup (flash)
                                                   jp1_state (main)
    -------------------------------------------------------------------------
CSTART
  Relative segment, address: E058 - E05F (0x8 bytes), align: 1
  Segment part 18.            Intra module refs:   Segment part 9
           ENTRY                   ADDRESS         REF BY
           =====                   =======         ======
           ?cstart_call_main       E058 
           ?cstart_end             E060 

    -------------------------------------------------------------------------
  LIBRARY MODULE, NAME : ?reset_vector

  SEGMENTS IN THE MODULE
  ======================
RESET
  Relative segment, address: FFFE - FFFF (0x2 bytes), align: 1
  Segment part 0.
           ENTRY                   ADDRESS         REF BY
           =====                   =======         ======
           ?reset_vector           FFFE            Segment part 9 (?cstart)

    -------------------------------------------------------------------------
  LIBRARY MODULE, NAME : ?Epilogue

  SEGMENTS IN THE MODULE
  ======================
<CODE> 1 (was CODE)
  Relative segment, address: FA0E - FA0F (0x2 bytes), align: 1
  Segment part 2.
           ENTRY                   ADDRESS         REF BY
           =====                   =======         ======
           ?Epilogue6              FA0E            CalibrationResultAnalise (main)
                                                   SignalAnalysis (main)
    -------------------------------------------------------------------------
<CODE> 1 (was CODE)
  Relative segment, address: FA10 - FA11 (0x2 bytes), align: 1
  Segment part 3.             Intra module refs:   ?Epilogue6
           ENTRY                   ADDRESS         REF BY
           =====                   =======         ======
           ?Epilogue5              FA10 
    -------------------------------------------------------------------------
<CODE> 1 (was CODE)
  Relative segment, address: FA12 - FA13 (0x2 bytes), align: 1
  Segment part 4.             Intra module refs:   ?Epilogue5
           ENTRY                   ADDRESS         REF BY
           =====                   =======         ======
           ?Epilogue4              FA12            ADC_Measure_Simple (main)
    -------------------------------------------------------------------------
<CODE> 1 (was CODE)
  Relative segment, address: FA14 - FA1B (0x8 bytes), align: 1
  Segment part 5.             Intra module refs:   ?Epilogue4
           ENTRY                   ADDRESS         REF BY
           =====                   =======         ======
           ?Epilogue3              FA14            FlashWriteArray (flash)
                                                   StorageProperty (flash)
                                                   fir_filter (main)

    -------------------------------------------------------------------------
  LIBRARY MODULE, NAME : ?Mul816

  SEGMENTS IN THE MODULE
  ======================
<CODE> 1 (was CODE)
  Relative segment, address: F5D6 - F603 (0x2e bytes), align: 1
  Segment part 1.
           ENTRY                   ADDRESS         REF BY
           =====                   =======         ======
           ?Mul16                  F5D6 
           ?Mul16to32u             F5D6            ?Mul16to32s (?Mul16to32s)

    -------------------------------------------------------------------------
  LIBRARY MODULE, NAME : ?Mul16to32s

  SEGMENTS IN THE MODULE
  ======================
<CODE> 1 (was CODE)
  Relative segment, address: F836 - F84F (0x1a bytes), align: 1
  Segment part 0.
           ENTRY                   ADDRESS         REF BY
           =====                   =======         ======
           ?Mul16to32s             F836            fir_filter (main)

    -------------------------------------------------------------------------
  LIBRARY MODULE, NAME : ?DivMod816u

  SEGMENTS IN THE MODULE
  ======================
<CODE> 1 (was CODE)
  Relative segment, address: F8FA - F911 (0x18 bytes), align: 1
  Segment part 1.
           ENTRY                   ADDRESS         REF BY
           =====                   =======         ======
           ?DivMod16u              F8FA            ?DivMod16s (?DivMod816s)
                                                   AverageData (main)
                                                   SetLevels (main)
                                                   SetLevelsFromCalibr (main)
                                                   Timer_A0_StartPWM (main)
                                                   getZeroLevel (main)
                                                   main (main)

    -------------------------------------------------------------------------
  LIBRARY MODULE, NAME : ?DivMod816s

  SEGMENTS IN THE MODULE
  ======================
<CODE> 1 (was CODE)
  Relative segment, address: F5A6 - F5D5 (0x30 bytes), align: 1
  Segment part 1.
           ENTRY                   ADDRESS         REF BY
           =====                   =======         ======
           ?DivMod16s              F5A6            SetLevels (main)
                                                   SignalAnalysis (main)

    -------------------------------------------------------------------------
  LIBRARY MODULE, NAME : ?DivMod32u

  SEGMENTS IN THE MODULE
  ======================
<CODE> 1 (was CODE)
  Relative segment, address: F4D2 - F509 (0x38 bytes), align: 1
  Segment part 0.
           ENTRY                   ADDRESS         REF BY
           =====                   =======         ======
           ?DivMod32u              F4D2            ?DivMod32s (?DivMod32s)
                                                   main (main)

    -------------------------------------------------------------------------
  LIBRARY MODULE, NAME : ?DivMod32s

  SEGMENTS IN THE MODULE
  ======================
<CODE> 1 (was CODE)
  Relative segment, address: F492 - F4D1 (0x40 bytes), align: 1
  Segment part 0.
           ENTRY                   ADDRESS         REF BY
           =====                   =======         ======
           ?DivMod32s              F492            fir_filter (main)

    -------------------------------------------------------------------------
  LIBRARY MODULE, NAME : ?ShiftRight32s_8n

  SEGMENTS IN THE MODULE
  ======================
<CODE> 1 (was CODE)
  Relative segment, address: F9B0 - F9B3 (0x4 bytes), align: 1
  Segment part 5.
           ENTRY                   ADDRESS         REF BY
           =====                   =======         ======
           ?ShiftRight32s_9        F9B0            fir_filter (main)
    -------------------------------------------------------------------------
<CODE> 1 (was CODE)
  Relative segment, address: F9B4 - F9BF (0xc bytes), align: 1
  Segment part 6.             Intra module refs:   ?ShiftRight32s_9
           ENTRY                   ADDRESS         REF BY
           =====                   =======         ======
           ?ShiftRight32s_8        F9B4 

    -------------------------------------------------------------------------
  LIBRARY MODULE, NAME : ?memcpy

  SEGMENTS IN THE MODULE
  ======================
<CODE> 1 (was CODE)
  Relative segment, address: F8B2 - F8C9 (0x18 bytes), align: 1
  Segment part 2.
           ENTRY                   ADDRESS         REF BY
           =====                   =======         ======
           memcpy                  F8B2            FlashEraseSegmentSafe (flash)
                                                   FlashWriteArray (flash)
                                                   StorageProperty (flash)
                                                   __data16_memcpy (?memzero)

    -------------------------------------------------------------------------
  LIBRARY MODULE, NAME : ?ClearMemoryBytes

  SEGMENTS IN THE MODULE
  ======================
<CODE> 1 (was CODE)
  Relative segment, address: F9D0 - F9DF (0x10 bytes), align: 1
  Segment part 0.
           ENTRY                   ADDRESS         REF BY
           =====                   =======         ======
           ?ClearMemoryBytes       F9D0            SignalAnalysis (main)

    -------------------------------------------------------------------------
  LIBRARY MODULE, NAME : ?memzero

  SEGMENTS IN THE MODULE
  ======================
<CODE> 1 (was CODE)
  Relative segment, address: F9E0 - F9EF (0x10 bytes), align: 1
  Segment part 2.
           ENTRY                   ADDRESS         REF BY
           =====                   =======         ======
           __data16_memzero        F9E0            ?cstart_init_zero (?cstart)
    -------------------------------------------------------------------------
<CODE> 1 (was CODE)
  Relative segment, address: FA40 - FA43 (0x4 bytes), align: 1
  Segment part 3.
           ENTRY                   ADDRESS         REF BY
           =====                   =======         ======
           __data16_memcpy         FA40            ?cstart_init_copy (?cstart)
               calls direct




                ****************************************
                *                                      *
                *      SEGMENTS IN ADDRESS ORDER       *
                *                                      *
                ****************************************


SEGMENT              SPACE    START ADDRESS   END ADDRESS     SIZE  TYPE  ALIGN
=======              =====    =============   ===========     ====  ====  =====
DATA16_AN                              0000 - 0000               1   rel    0
                                       0002 - 0002               1 
                                       0020 - 002F              10 
                                       0049 - 004A               2 
                                       0053 - 0053               1 
                                       0056 - 0057               2 
                                       0120 - 0121               2 
                                       0128 - 012D               6 
                                       0160 - 0165               6 
                                       0170 - 0175               6 
                                       0180 - 0183               4 
                                       0190 - 0193               4 
                                       01B0 - 01B3               4 
                                       01BC - 01BD               2 
DATA16_I                               0200 - 0202               3   rel    1
DATA16_Z                               0204 - 0378             175   rel    1
CSTACK                                 03B0 - 03FF              50   rel    1
DATA16_AC                              1040 - 1067              28   rel    0
DATA16_AN                              10F8 - 10F9               2   rel    0
                                       10FC - 10FF               4 
DATA16_C                               E000 - E033              34   rel    0
DATA16_ID                              E034 - E036               3   rel    1
CSTART                                 E038 - E05F              28   rel    1
<CODE> 1                               E060 - FA55            19F6   rel    1
INTVEC                                 FFE0 - FFFB              1C   com    1
RESET                                  FFFE - FFFF               2   rel    1
REGVAR_AN            REGISTER          0008 - 0009               2   rel    0

                ****************************************
                *                                      *
                *        END OF CROSS REFERENCE        *
                *                                      *
                ****************************************

 6 716 bytes of CODE     memory
   456 bytes of DATA     memory (+ 63 absolute )
     0 bytes of REGISTER memory (+  2 absolute )
    55 bytes of CONST    memory (+ 40 absolute )

Errors: none
Warnings: none

